// Jest Snapshot v1, https://goo.gl/fbAQLP

exports[`Ripa Form Wrapper should match snapshot 1`] = `
<div class="ripa-form-wrapper">
  <v-card-stub loaderheight="4" tag="div" maxwidth="900" outlined="true" class="mx-auto">
    <v-card-text-stub tag="div">
      <!---->
      <v-stepper-stub tag="div" value="1">
        <v-stepper-header-stub tag="div">
          <v-stepper-step-stub color="primary" completeicon="$complete" editicon="$edit" erroricon="$error" rules="" step="1"></v-stepper-step-stub>
          <v-divider-stub></v-divider-stub>
          <v-stepper-step-stub color="primary" completeicon="$complete" editicon="$edit" erroricon="$error" rules="" step="2"></v-stepper-step-stub>
          <v-divider-stub></v-divider-stub>
          <v-stepper-step-stub color="primary" completeicon="$complete" editicon="$edit" erroricon="$error" rules="" step="3"></v-stepper-step-stub>
          <v-divider-stub></v-divider-stub>
          <v-stepper-step-stub color="primary" completeicon="$complete" editicon="$edit" erroricon="$error" rules="" step="4"></v-stepper-step-stub>
          <v-divider-stub></v-divider-stub>
          <v-stepper-step-stub color="primary" completeicon="$complete" editicon="$edit" erroricon="$error" rules="" step="5"></v-stepper-step-stub>
          <v-divider-stub></v-divider-stub>
          <!---->
          <v-stepper-step-stub color="primary" completeicon="$complete" editicon="$edit" erroricon="$error" rules="" step="7" class="ripa-form-wrapper--summary-step-top"></v-stepper-step-stub>
        </v-stepper-header-stub>
        <v-stepper-items-stub tag="div">
          <v-stepper-content-stub step="1">
            <ripa-form-step-1-stub value="[object Object]" schools="" beats="" countycities="" noncountycities="" statutes="" onaddperson="[Function]" oncopyperson="[Function]" ondeleteperson="[Function]" oneditagencyquestions="[Function]" oneditperson="[Function]" oneditstop="[Function]" onback="[Function]" oncancel="[Function]" onnext="[Function]" onopenstatute="[Function]" onsubmit="[Function]" onopenfavorites="[Function]" onopenlastlocation="[Function]" onsavefavorite="[Function]" ongpslocation="[Function]" onupdateuser="[Function]" display-user-edit="true"></ripa-form-step-1-stub>
          </v-stepper-content-stub>
          <v-stepper-content-stub step="2">
            <!---->
          </v-stepper-content-stub>
          <v-stepper-content-stub step="3">
            <!---->
          </v-stepper-content-stub>
          <v-stepper-content-stub step="4">
            <!---->
          </v-stepper-content-stub>
          <v-stepper-content-stub step="5">
            <!---->
          </v-stepper-content-stub>
          <v-stepper-content-stub step="6">
            <!---->
          </v-stepper-content-stub>
          <v-stepper-content-stub step="7">
            <!---->
          </v-stepper-content-stub>
        </v-stepper-items-stub>
        <v-stepper-header-stub tag="div">
          <v-stepper-step-stub color="primary" completeicon="$complete" editicon="$edit" erroricon="$error" rules="" step="1"></v-stepper-step-stub>
          <v-divider-stub></v-divider-stub>
          <v-stepper-step-stub color="primary" completeicon="$complete" editicon="$edit" erroricon="$error" rules="" step="2"></v-stepper-step-stub>
          <v-divider-stub></v-divider-stub>
          <v-stepper-step-stub color="primary" completeicon="$complete" editicon="$edit" erroricon="$error" rules="" step="3"></v-stepper-step-stub>
          <v-divider-stub></v-divider-stub>
          <v-stepper-step-stub color="primary" completeicon="$complete" editicon="$edit" erroricon="$error" rules="" step="4"></v-stepper-step-stub>
          <v-divider-stub></v-divider-stub>
          <v-stepper-step-stub color="primary" completeicon="$complete" editicon="$edit" erroricon="$error" rules="" step="5"></v-stepper-step-stub>
          <v-divider-stub></v-divider-stub>
          <!---->
          <v-stepper-step-stub color="primary" completeicon="$complete" editicon="$edit" erroricon="$error" rules="" step="7" class="ripa-form-wrapper--summary-step-bottom"></v-stepper-step-stub>
        </v-stepper-header-stub>
      </v-stepper-stub>
      <!---->
      <!---->
    </v-card-text-stub>
  </v-card-stub>
  <ripa-json-viewer-dialog-stub stop="[object Object]" apistop="[object Object]" onclose="[Function]"></ripa-json-viewer-dialog-stub>
  <ripa-confirm-dialog-stub title="Confirm Cancel" subtitle="Are you sure you want to cancel the form? You will lose all changes." onclose="[Function]" onconfirm="[Function]"></ripa-confirm-dialog-stub>
  <ripa-confirm-dialog-stub title="Confirm Cancel" subtitle="Are you sure you want to cancel the action? You will lose all changes." onclose="[Function]" onconfirm="[Function]"></ripa-confirm-dialog-stub>
  <ripa-confirm-dialog-stub title="Confirm Delete" subtitle="Are you sure you want to delete the person?" onclose="[Function]" onconfirm="[Function]"></ripa-confirm-dialog-stub>
  <ripa-confirm-dialog-stub title="Confirm Submission" subtitle="Are you sure you want to submit the form?" onclose="[Function]" onconfirm="[Function]"></ripa-confirm-dialog-stub>
</div>
`;
