// Jest Snapshot v1, https://goo.gl/fbAQLP

exports[`Ripa Form Wrapper should match snapshot 1`] = `
<div class="ripa-form-wrapper">
  <ripa-alert-stub alerttype="error">In order to finish initializing the RIPA application please upload CLEW
    data by
    <a class="text-decoration-underline white--text font-weight-bold">clicking here</a>
    and uploading the CLEW spreadsheet including cities, schools and
    statutes.</ripa-alert-stub>
  <!---->
  <!---->
  <ripa-json-viewer-dialog-stub stop="[object Object]" apistop="[object Object]" onclose="[Function]"></ripa-json-viewer-dialog-stub>
  <ripa-confirm-dialog-stub title="Confirm Cancel" subtitle="Are you sure you want to cancel the form? You will lose all changes." onclose="[Function]" onconfirm="[Function]"></ripa-confirm-dialog-stub>
  <ripa-confirm-dialog-stub title="Confirm Cancel" subtitle="Are you sure you want to cancel the action? You will lose all changes." onclose="[Function]" onconfirm="[Function]"></ripa-confirm-dialog-stub>
  <ripa-confirm-dialog-stub title="Confirm Delete" subtitle="Are you sure you want to delete the person?" onclose="[Function]" onconfirm="[Function]"></ripa-confirm-dialog-stub>
  <ripa-confirm-dialog-stub title="Confirm Submission" subtitle="Are you sure you want to submit the form?" onclose="[Function]" onconfirm="[Function]"></ripa-confirm-dialog-stub>
</div>
`;
