// Jest Snapshot v1, https://goo.gl/fbAQLP

exports[`Ripa Form Wrapper should match snapshot 1`] = `
<div
  class="ripa-form-wrapper"
>
  <v-card-stub
    class="mx-auto"
    loaderheight="4"
    maxwidth="900"
    outlined="true"
    tag="div"
  >
    <v-card-text-stub>
      <!---->
       
      <v-stepper-stub
        tag="div"
        value="1"
      >
        <v-stepper-header-stub>
          <v-stepper-step-stub
            color="primary"
            completeicon="$complete"
            editicon="$edit"
            erroricon="$error"
            rules=""
            step="1"
          />
           
          <v-divider-stub />
           
          <v-stepper-step-stub
            color="primary"
            completeicon="$complete"
            editicon="$edit"
            erroricon="$error"
            rules=""
            step="2"
          />
           
          <v-divider-stub />
           
          <v-stepper-step-stub
            color="primary"
            completeicon="$complete"
            editicon="$edit"
            erroricon="$error"
            rules=""
            step="3"
          />
           
          <v-divider-stub />
           
          <v-stepper-step-stub
            color="primary"
            completeicon="$complete"
            editicon="$edit"
            erroricon="$error"
            rules=""
            step="4"
          />
           
          <v-divider-stub />
           
          <v-stepper-step-stub
            color="primary"
            completeicon="$complete"
            editicon="$edit"
            erroricon="$error"
            rules=""
            step="5"
          />
           
          <v-divider-stub />
           
          <!---->
           
          <v-stepper-step-stub
            class="ripa-form-wrapper--summary-step-top"
            color="primary"
            completeicon="$complete"
            editicon="$edit"
            erroricon="$error"
            rules=""
            step="7"
          />
        </v-stepper-header-stub>
         
        <v-stepper-items-stub>
          <v-stepper-content-stub
            step="1"
          >
            <ripa-form-step-1-stub
              beats=""
              countycities=""
              display-user-edit="true"
              noncountycities=""
              onaddperson="[Function]"
              onback="[Function]"
              oncancel="[Function]"
              oncopyperson="[Function]"
              ondeleteperson="[Function]"
              oneditagencyquestions="[Function]"
              oneditperson="[Function]"
              oneditstop="[Function]"
              ongpslocation="[Function]"
              onnext="[Function]"
              onopenfavorites="[Function]"
              onopenlastlocation="[Function]"
              onopenstatute="[Function]"
              onsavefavorite="[Function]"
              onsubmit="[Function]"
              onupdateuser="[Function]"
              schools=""
              statutes=""
              value="[object Object]"
            />
          </v-stepper-content-stub>
           
          <v-stepper-content-stub
            step="2"
          >
            <!---->
          </v-stepper-content-stub>
           
          <v-stepper-content-stub
            step="3"
          >
            <!---->
          </v-stepper-content-stub>
           
          <v-stepper-content-stub
            step="4"
          >
            <!---->
          </v-stepper-content-stub>
           
          <v-stepper-content-stub
            step="5"
          >
            <!---->
          </v-stepper-content-stub>
           
          <v-stepper-content-stub
            step="6"
          >
            <!---->
          </v-stepper-content-stub>
           
          <v-stepper-content-stub
            step="7"
          >
            <!---->
          </v-stepper-content-stub>
        </v-stepper-items-stub>
         
        <v-stepper-header-stub>
          <v-stepper-step-stub
            color="primary"
            completeicon="$complete"
            editicon="$edit"
            erroricon="$error"
            rules=""
            step="1"
          />
           
          <v-divider-stub />
           
          <v-stepper-step-stub
            color="primary"
            completeicon="$complete"
            editicon="$edit"
            erroricon="$error"
            rules=""
            step="2"
          />
           
          <v-divider-stub />
           
          <v-stepper-step-stub
            color="primary"
            completeicon="$complete"
            editicon="$edit"
            erroricon="$error"
            rules=""
            step="3"
          />
           
          <v-divider-stub />
           
          <v-stepper-step-stub
            color="primary"
            completeicon="$complete"
            editicon="$edit"
            erroricon="$error"
            rules=""
            step="4"
          />
           
          <v-divider-stub />
           
          <v-stepper-step-stub
            color="primary"
            completeicon="$complete"
            editicon="$edit"
            erroricon="$error"
            rules=""
            step="5"
          />
           
          <v-divider-stub />
           
          <!---->
           
          <v-stepper-step-stub
            class="ripa-form-wrapper--summary-step-bottom"
            color="primary"
            completeicon="$complete"
            editicon="$edit"
            erroricon="$error"
            rules=""
            step="7"
          />
        </v-stepper-header-stub>
      </v-stepper-stub>
       
      <!---->
       
      <!---->
    </v-card-text-stub>
  </v-card-stub>
   
  <ripa-json-viewer-dialog-stub
    apistop="[object Object]"
    onclose="[Function]"
    stop="[object Object]"
  />
   
  <ripa-confirm-dialog-stub
    onclose="[Function]"
    onconfirm="[Function]"
    subtitle="Are you sure you want to cancel the form? You will lose all changes."
    title="Confirm Cancel"
  />
   
  <ripa-confirm-dialog-stub
    onclose="[Function]"
    onconfirm="[Function]"
    subtitle="Are you sure you want to cancel the action? You will lose all changes."
    title="Confirm Cancel"
  />
   
  <ripa-confirm-dialog-stub
    onclose="[Function]"
    onconfirm="[Function]"
    subtitle="Are you sure you want to delete the person?"
    title="Confirm Delete"
  />
   
  <ripa-confirm-dialog-stub
    onclose="[Function]"
    onconfirm="[Function]"
    subtitle="Are you sure you want to submit the form?"
    title="Confirm Submission"
  />
</div>
`;
