// Jest Snapshot v1, https://goo.gl/fbAQLP

exports[`Ripa Form Container should delete errored stop from memory when submitting edit 1`] = `
<div class="ripa-form-container">
  <div class="ripa-form-template">
    <div class="ripa-form-wrapper">
      <div class="mx-auto v-card v-sheet v-sheet--outlined theme--light" style="max-width: 900px;">
        <div class="v-card__text">
          <!---->
          <div class="v-stepper v-sheet theme--light">
            <div class="v-stepper__header">
              <div class="v-stepper__step v-stepper__step--complete"><span class="v-stepper__step__step primary"><i aria-hidden="true" class="v-icon notranslate mdi mdi-check theme--light"></i></span>
                <div class="v-stepper__label"></div>
              </div>
              <hr role="separator" aria-orientation="horizontal" class="v-divider theme--light">
              <div class="v-stepper__step v-stepper__step--complete"><span class="v-stepper__step__step primary"><i aria-hidden="true" class="v-icon notranslate mdi mdi-check theme--light"></i></span>
                <div class="v-stepper__label"></div>
              </div>
              <hr role="separator" aria-orientation="horizontal" class="v-divider theme--light">
              <div class="v-stepper__step v-stepper__step--complete"><span class="v-stepper__step__step primary"><i aria-hidden="true" class="v-icon notranslate mdi mdi-check theme--light"></i></span>
                <div class="v-stepper__label"></div>
              </div>
              <hr role="separator" aria-orientation="horizontal" class="v-divider theme--light">
              <div class="v-stepper__step v-stepper__step--complete"><span class="v-stepper__step__step primary"><i aria-hidden="true" class="v-icon notranslate mdi mdi-check theme--light"></i></span>
                <div class="v-stepper__label"></div>
              </div>
              <hr role="separator" aria-orientation="horizontal" class="v-divider theme--light">
              <div class="v-stepper__step v-stepper__step--complete"><span class="v-stepper__step__step primary"><i aria-hidden="true" class="v-icon notranslate mdi mdi-check theme--light"></i></span>
                <div class="v-stepper__label"></div>
              </div>
              <hr role="separator" aria-orientation="horizontal" class="v-divider theme--light">
              <!---->
              <div class="v-stepper__step ripa-form-wrapper--summary-step-top v-stepper__step--active"><span class="v-stepper__step__step primary">7</span>
                <div class="v-stepper__label"></div>
              </div>
            </div>
            <div class="v-stepper__items">
              <transition-stub name="tab-transition">
                <div class="v-stepper__content" style="display: none;">
                  <div class="v-stepper__wrapper"></div>
                </div>
              </transition-stub>
              <transition-stub name="tab-transition">
                <div class="v-stepper__content" style="display: none;">
                  <div class="v-stepper__wrapper"></div>
                </div>
              </transition-stub>
              <transition-stub name="tab-transition">
                <div class="v-stepper__content" style="display: none;">
                  <div class="v-stepper__wrapper"></div>
                </div>
              </transition-stub>
              <transition-stub name="tab-transition">
                <div class="v-stepper__content" style="display: none;">
                  <div class="v-stepper__wrapper"></div>
                </div>
              </transition-stub>
              <transition-stub name="tab-transition">
                <div class="v-stepper__content" style="display: none;">
                  <div class="v-stepper__wrapper"></div>
                </div>
              </transition-stub>
              <transition-stub name="tab-transition">
                <div class="v-stepper__content" style="display: none;">
                  <div class="v-stepper__wrapper"></div>
                </div>
              </transition-stub>
              <transition-stub name="tab-transition">
                <div class="v-stepper__content" style="">
                  <div class="v-stepper__wrapper">
                    <form novalidate="novalidate" class="v-form">
                      <div value="[object Object]">
                        <div>
                          <div class="ripa-form-summary mx-auto v-card v-card--flat v-sheet theme--light">
                            <div>
                              <div class="v-card__title tw-uppercase">Review, Edit and Submit</div>
                              <div class="v-card__text">
                                <div class="tw-mb-3"><span class="tw-text-base tw-font-bold">Unsaved Stop</span> <button type="button" class="tw-ml-4 v-btn v-btn--is-elevated v-btn--has-bg theme--light v-size--x-small primary"><span class="v-btn__content">
          Edit
        </span></button></div>
                                <div>
                                  <div class="">
                                    Person Count
                                    <span class="tw-ml-2" style="color: rgb(33, 150, 243);">1</span>
                                    <!---->
                                    <!---->
                                  </div>
                                </div>
                                <div>
                                  <div class="tw-mt-4">
                                    Date
                                    <span class="tw-ml-2" style="color: rgb(33, 150, 243);">2022-01-01</span>
                                    <!---->
                                    <!---->
                                  </div>
                                </div>
                                <div>
                                  <div class="">
                                    Time
                                    <span class="tw-ml-2" style="color: rgb(33, 150, 243);">12:00</span>
                                    <!---->
                                    <!---->
                                  </div>
                                </div>
                                <div>
                                  <div class="">
                                    <!---->
                                    <!---->
                                    <div>
                                      Location
                                    </div>
                                    <div class="tw-ml-8">
                                      Block Number
                                      <span class="tw-ml-2" style="color: rgb(33, 150, 243);">
        100
      </span>
                                    </div>
                                    <div class="tw-ml-8">
                                      Street Name
                                      <span class="tw-ml-2" style="color: rgb(33, 150, 243);">
        Street Name
      </span>
                                    </div>
                                    <div class="tw-ml-8">
                                      City
                                      <span class="tw-ml-2" style="color: rgb(33, 150, 243);">

      </span>
                                    </div>
                                    <div class="tw-ml-8">
                                      Beat
                                      <span class="tw-ml-2" style="color: rgb(33, 150, 243);">

      </span>
                                    </div>
                                  </div>
                                </div>
                                <div>
                                  <div class="">
                                    <!---->
                                    <!---->
                                    <div>
                                      Officer
                                    </div>
                                    <div class="tw-ml-8">
                                      Agency
                                      <span class="tw-ml-2" style="color: rgb(33, 150, 243);">
        SDSD
      </span>
                                    </div>
                                    <div class="tw-ml-8">
                                      Officer ID
                                      <span class="tw-ml-2" style="color: rgb(33, 150, 243);">
        111111111
      </span>
                                    </div>
                                    <div class="tw-ml-8">
                                      Officer Name
                                      <span class="tw-ml-2" style="color: rgb(33, 150, 243);">
        Name
      </span>
                                    </div>
                                    <div class="tw-ml-8">
                                      Years Experience
                                      <span class="tw-ml-2" style="color: rgb(33, 150, 243);">
        1
      </span>
                                    </div>
                                    <div class="tw-ml-8">
                                      Assignment
                                      <span class="tw-ml-2" style="color: rgb(33, 150, 243);">
        Other
      </span>
                                    </div>
                                    <div class="tw-ml-8">
                                      Other Type
                                      <span class="tw-ml-2" style="color: rgb(33, 150, 243);">
        Data Services
      </span>
                                    </div>
                                  </div>
                                </div>
                                <div>
                                  <div class="">
                                    Duration (m)
                                    <span class="tw-ml-2" style="color: rgb(33, 150, 243);">10</span>
                                    <!---->
                                    <!---->
                                  </div>
                                </div>
                                <div>
                                  <div class="">
                                    Stop in Response to CFS
                                    <span class="tw-ml-2" style="color: rgb(33, 150, 243);">false</span>
                                    <!---->
                                    <!---->
                                  </div>
                                </div>
                                <div>
                                  <div class="tw-my-4 tw-text-base tw-font-bold">
                                    Person 1
                                    <button type="button" class="tw-ml-4 v-btn v-btn--is-elevated v-btn--has-bg theme--light v-size--x-small primary"><span class="v-btn__content">
            Edit
          </span></button> <button type="button" class="tw-ml-2 v-btn v-btn--is-elevated v-btn--has-bg theme--light v-size--x-small primary"><span class="v-btn__content">
              Copy
            </span></button>
                                    <!---->
                                  </div>
                                  <div>
                                    <div class="">
                                      Is Student
                                      <span class="tw-ml-2" style="color: rgb(33, 150, 243);">false</span>
                                      <!---->
                                      <!---->
                                    </div>
                                  </div>
                                  <div>
                                    <div class="">
                                      <!---->
                                      <div>
                                        Perceived Race
                                      </div>
                                      <div class="tw-ml-8">
                                        <div class=""><span style="color: rgb(33, 150, 243);">
          Asian
        </span></div>
                                      </div>
                                      <!---->
                                    </div>
                                  </div>
                                  <div>
                                    <div class="">
                                      Gender Noncomforning
                                      <span class="tw-ml-2" style="color: rgb(33, 150, 243);">false</span>
                                      <!---->
                                      <!---->
                                    </div>
                                  </div>
                                  <div>
                                    <div class="">
                                      Perceived Gender
                                      <span class="tw-ml-2" style="color: rgb(33, 150, 243);">Male</span>
                                      <!---->
                                      <!---->
                                    </div>
                                  </div>
                                  <div>
                                    <div class="">
                                      Perceived LGBT
                                      <span class="tw-ml-2" style="color: rgb(33, 150, 243);">false</span>
                                      <!---->
                                      <!---->
                                    </div>
                                  </div>
                                  <div>
                                    <div class="">
                                      Perceived Age
                                      <span class="tw-ml-2" style="color: rgb(33, 150, 243);">20</span>
                                      <!---->
                                      <!---->
                                    </div>
                                  </div>
                                  <div>
                                    <div class="">
                                      Limited English
                                      <span class="tw-ml-2" style="color: rgb(33, 150, 243);">false</span>
                                      <!---->
                                      <!---->
                                    </div>
                                  </div>
                                  <div>
                                    <div class="">
                                      <!---->
                                      <div>
                                        Perceived Disability
                                      </div>
                                      <div class="tw-ml-8">
                                        <div class=""><span style="color: rgb(33, 150, 243);">
          None
        </span></div>
                                      </div>
                                      <!---->
                                    </div>
                                  </div>
                                  <div>
                                    <div class="">
                                      <!---->
                                      <div>
                                        Reason for Stop
                                      </div>
                                      <div class="tw-ml-8">
                                        <div class=""><span style="color: rgb(33, 150, 243);">
          Traffic Violation
        </span></div>
                                      </div>
                                      <div class="tw-ml-8">
                                        <div class="tw-ml-4"><span style="color: rgb(33, 150, 243);">
          Moving Violation
        </span></div>
                                      </div>
                                      <div class="tw-ml-8">
                                        <div class="tw-ml-4"><span style="color: rgb(33, 150, 243);">

        </span></div>
                                      </div>
                                      <!---->
                                    </div>
                                  </div>
                                  <div>
                                    <div class="">
                                      Reason for Stop Explanation
                                      <span class="tw-ml-2" style="color: rgb(33, 150, 243);">explanation</span>
                                      <!---->
                                      <!---->
                                    </div>
                                  </div>
                                  <div>
                                    <div class="">
                                      <!---->
                                      <div>
                                        Actions Taken During Stop
                                      </div>
                                      <div class="tw-ml-8">
                                        <div class=""><span style="color: rgb(33, 150, 243);">
          None
        </span></div>
                                      </div>
                                      <!---->
                                    </div>
                                  </div>
                                  <div>
                                    <div class="tw-ml-4">
                                      <!---->
                                      <div>
                                        Basis for Search
                                      </div>
                                      <!---->
                                    </div>
                                  </div>
                                  <div>
                                    <div class="tw-ml-4">
                                      Basis for Search Explanation
                                      <span class="tw-ml-2" style="color: rgb(33, 150, 243);">None</span>
                                      <!---->
                                      <!---->
                                    </div>
                                  </div>
                                  <div>
                                    <div class="tw-ml-4">
                                      <!---->
                                      <div>
                                        Basis for Property Seizure
                                      </div>
                                      <!---->
                                    </div>
                                  </div>
                                  <div>
                                    <div class="tw-ml-4">
                                      <!---->
                                      <div>
                                        Type of Property Seized
                                      </div>
                                      <!---->
                                    </div>
                                  </div>
                                  <div>
                                    <div class="">
                                      <!---->
                                      <div>
                                        Contraband or Evidence Discovered
                                      </div>
                                      <div class="tw-ml-8">
                                        <div class=""><span style="color: rgb(33, 150, 243);">
          None
        </span></div>
                                      </div>
                                      <!---->
                                    </div>
                                  </div>
                                  <div>
                                    <div class="">
                                      <!---->
                                      <div>
                                        Result of Stop
                                      </div>
                                      <div class="tw-ml-8">
                                        <div class=""><span style="color: rgb(33, 150, 243);">
          None
        </span></div>
                                      </div>
                                      <!---->
                                    </div>
                                  </div>
                                </div>
                                <!---->
                                <div class="tw-mt-4 tw-mb-2">
                                  <hr role="separator" aria-orientation="horizontal" class="v-divider theme--light">
                                </div>
                                <!---->
                              </div>
                            </div>
                          </div>
                        </div>
                      </div>
                      <div class="spacer"></div>
                      <!---->
                      <div class="spacer"></div>
                      <!---->
                      <div class="tw-flex tw-mt-4 tw-justify-center"><button type="button" class="tw-mt-2 v-btn v-btn--is-elevated v-btn--has-bg theme--light v-size--default primary"><span class="v-btn__content"><i aria-hidden="true" class="v-icon notranslate v-icon--left mdi mdi-plus theme--light"></i>
        Add Person
      </span></button></div>
                      <div class="tw-flex tw-mt-8 tw-justify-center"><button type="button" class="tw-mr-2 v-btn v-btn--is-elevated v-btn--has-bg theme--light v-size--default error"><span class="v-btn__content">
        Cancel
      </span></button> <button type="button" class="v-btn v-btn--is-elevated v-btn--has-bg theme--light v-size--default primary"><span class="v-btn__content"> Submit </span></button></div>
                    </form>
                  </div>
                </div>
              </transition-stub>
            </div>
            <div class="v-stepper__header">
              <div class="v-stepper__step v-stepper__step--complete"><span class="v-stepper__step__step primary"><i aria-hidden="true" class="v-icon notranslate mdi mdi-check theme--light"></i></span>
                <div class="v-stepper__label"></div>
              </div>
              <hr role="separator" aria-orientation="horizontal" class="v-divider theme--light">
              <div class="v-stepper__step v-stepper__step--complete"><span class="v-stepper__step__step primary"><i aria-hidden="true" class="v-icon notranslate mdi mdi-check theme--light"></i></span>
                <div class="v-stepper__label"></div>
              </div>
              <hr role="separator" aria-orientation="horizontal" class="v-divider theme--light">
              <div class="v-stepper__step v-stepper__step--complete"><span class="v-stepper__step__step primary"><i aria-hidden="true" class="v-icon notranslate mdi mdi-check theme--light"></i></span>
                <div class="v-stepper__label"></div>
              </div>
              <hr role="separator" aria-orientation="horizontal" class="v-divider theme--light">
              <div class="v-stepper__step v-stepper__step--complete"><span class="v-stepper__step__step primary"><i aria-hidden="true" class="v-icon notranslate mdi mdi-check theme--light"></i></span>
                <div class="v-stepper__label"></div>
              </div>
              <hr role="separator" aria-orientation="horizontal" class="v-divider theme--light">
              <div class="v-stepper__step v-stepper__step--complete"><span class="v-stepper__step__step primary"><i aria-hidden="true" class="v-icon notranslate mdi mdi-check theme--light"></i></span>
                <div class="v-stepper__label"></div>
              </div>
              <hr role="separator" aria-orientation="horizontal" class="v-divider theme--light">
              <!---->
              <div class="v-stepper__step ripa-form-wrapper--summary-step-bottom v-stepper__step--active"><span class="v-stepper__step__step primary">7</span>
                <div class="v-stepper__label"></div>
              </div>
            </div>
          </div>
          <!---->
          <!---->
        </div>
      </div>
      <div role="dialog" class="v-dialog__container">
        <!---->
      </div>
      <div role="dialog" class="v-dialog__container">
        <!---->
      </div>
      <div role="dialog" class="v-dialog__container">
        <!---->
      </div>
      <div role="dialog" class="v-dialog__container">
        <!---->
      </div>
      <div role="dialog" class="v-dialog__container">
        <!---->
      </div>
    </div>
  </div>
  <div role="dialog" class="v-dialog__container">
    <!---->
  </div>
  <div role="dialog" class="v-dialog__container">
    <!---->
  </div>
  <div role="dialog" class="v-dialog__container">
    <!---->
  </div>
  <div role="dialog" class="v-dialog__container">
    <!---->
  </div>
  <div role="dialog" class="v-dialog__container">
    <!---->
  </div>
  <div role="dialog" class="v-dialog__container">
    <!---->
  </div>
  <div role="dialog" class="v-dialog__container">
    <!---->
  </div>
  <div role="dialog" class="v-dialog__container">
    <!---->
  </div>
  <div class="v-snack v-snack--bottom v-snack--has-background" style="padding-bottom: 0px; padding-top: 0px;">
    <transition-stub name="v-snack-transition">
      <div class="v-snack__wrapper v-sheet theme--dark" style="display: none;">
        <div role="status" aria-live="polite" class="v-snack__content">
          Stop was stored locally and will be submitted to the server once you are online and authenticated.

        </div>
        <div class="v-snack__action ">
          <!----> <button type="button" class="v-btn v-btn--text theme--dark v-size--default blue--text v-snack__btn"><span class="v-btn__content">
      Close
    </span></button>
        </div>
      </div>
    </transition-stub>
  </div>
  <div class="v-snack v-snack--bottom v-snack--has-background" style="padding-bottom: 0px; padding-top: 0px;">
    <transition-stub name="v-snack-transition">
      <div class="v-snack__wrapper v-sheet theme--dark" style="display: none;">
        <div role="status" aria-live="polite" class="v-snack__content">
          There was an error checking GPS location.

        </div>
        <div class="v-snack__action ">
          <!----> <button type="button" class="v-btn v-btn--text theme--dark v-size--default blue--text v-snack__btn"><span class="v-btn__content">
      Close
    </span></button>
        </div>
      </div>
    </transition-stub>
  </div>
</div>
`;

exports[`Ripa Form Container should match snapshot 1`] = `
<div
  class="ripa-form-container"
>
  <ripa-form-template-stub
    beats=""
    countycities=""
    formstepindex="0"
    fullstop="[object Object]"
    isonlineandauthenticated="true"
    noncountycities=""
    onaddperson="[Function]"
    oncancelaction="[Function]"
    oncancelform="[Function]"
    oncopyperson="[Function]"
    ondeleteperson="[Function]"
    oneditagencyquestions="[Function]"
    oneditperson="[Function]"
    oneditstop="[Function]"
    ongpslocation="[Function]"
    onopenlastlocation="[Function]"
    onopenlocationfavorites="[Function]"
    onopenreasonfavorites="[Function]"
    onopenresultfavorites="[Function]"
    onopenstatute="[Function]"
    onopentemplate="[Function]"
    onsavelocationfavorite="[Function]"
    onsavereasonfavorite="[Function]"
    onsaveresultfavorite="[Function]"
    onstepindexchange="[Function]"
    onsubmitstop="[Function]"
    onupdateuser="[Function]"
    schools=""
    statutes=""
    stoptemplates=""
    user="[object Object]"
    validlastlocation="true"
    value="[object Object]"
  />
   
  <ripa-favorites-dialog-stub
    favorites=""
    isonlineandauthenticated="true"
    onclose="[Function]"
    ondeletefavorite="[Function]"
    oneditfavorite="[Function]"
    onopenfavorite="[Function]"
    onsavefavorite="[Function]"
    title="Locations"
  />
   
  <ripa-favorites-dialog-stub
    favorites=""
    isonlineandauthenticated="true"
    onclose="[Function]"
    ondeletefavorite="[Function]"
    oneditfavorite="[Function]"
    onopenfavorite="[Function]"
    onsavefavorite="[Function]"
    title="Reasons"
  />
   
  <ripa-favorites-dialog-stub
    favorites=""
    isonlineandauthenticated="true"
    onclose="[Function]"
    ondeletefavorite="[Function]"
    oneditfavorite="[Function]"
    onopenfavorite="[Function]"
    onsavefavorite="[Function]"
    title="Results"
  />
   
  <ripa-add-favorite-dialog-stub
    onaddfavorite="[Function]"
    onclose="[Function]"
  />
   
  <ripa-add-favorite-dialog-stub
    onaddfavorite="[Function]"
    onclose="[Function]"
  />
   
  <ripa-add-favorite-dialog-stub
    onaddfavorite="[Function]"
    onclose="[Function]"
  />
   
  <ripa-statute-dialog-stub
    onclose="[Function]"
  />
   
  <ripa-user-dialog-stub
    formtitle="Manage User"
    isrowkeydisabled="true"
    onclose="[Function]"
    onsave="[Function]"
    user="[object Object]"
  />
   
  <ripa-snackbar-stub
    autoclose="true"
    onview="[Function]"
    text="Stop was stored locally and will be submitted to the server once you are online and authenticated."
    timeout="6000"
  />
   
  <ripa-snackbar-stub
    autoclose="true"
    onview="[Function]"
    text="There was an error checking GPS location."
    timeout="6000"
  />
</div>
`;
