// Jest Snapshot v1, https://goo.gl/fbAQLP

exports[`Ripa Form Container should match snapshot 1`] = `
<div class="ripa-form-container">
  <ripa-form-template-stub value="[object Object]" beats="" countycities="" reportingemailaddress="" formstepindex="0" fullstop="[object Object]" isonlineandauthenticated="true" noncountycities="" schools="" statutes="" user="[object Object]" validlastlocation="true" stoptemplates="" onaddperson="[Function]" oncancelform="[Function]" oncancelaction="[Function]" oncopyperson="[Function]" ondeleteperson="[Function]" oneditagencyquestions="[Function]" oneditperson="[Function]" oneditstop="[Function]" onopenlocationfavorites="[Function]" onopenreasonfavorites="[Function]" onopenresultfavorites="[Function]" onopenlastlocation="[Function]" onopenstatute="[Function]" onsavelocationfavorite="[Function]" onsavereasonfavorite="[Function]" onsaveresultfavorite="[Function]" onstepindexchange="[Function]" onsubmitstop="[Function]" ongpslocation="[Function]" onopentemplate="[Function]" onupdateuser="[Function]"></ripa-form-template-stub>
  <ripa-favorites-dialog-stub title="Locations" favorites="" isonlineandauthenticated="true" onclose="[Function]" ondeletefavorite="[Function]" oneditfavorite="[Function]" onopenfavorite="[Function]" onsavefavorite="[Function]"></ripa-favorites-dialog-stub>
  <ripa-favorites-dialog-stub title="Reasons" favorites="" isonlineandauthenticated="true" onclose="[Function]" ondeletefavorite="[Function]" oneditfavorite="[Function]" onopenfavorite="[Function]" onsavefavorite="[Function]"></ripa-favorites-dialog-stub>
  <ripa-favorites-dialog-stub title="Results" favorites="" isonlineandauthenticated="true" onclose="[Function]" ondeletefavorite="[Function]" oneditfavorite="[Function]" onopenfavorite="[Function]" onsavefavorite="[Function]"></ripa-favorites-dialog-stub>
  <ripa-add-favorite-dialog-stub onaddfavorite="[Function]" onclose="[Function]"></ripa-add-favorite-dialog-stub>
  <ripa-add-favorite-dialog-stub onaddfavorite="[Function]" onclose="[Function]"></ripa-add-favorite-dialog-stub>
  <ripa-add-favorite-dialog-stub onaddfavorite="[Function]" onclose="[Function]"></ripa-add-favorite-dialog-stub>
  <ripa-statute-dialog-stub onclose="[Function]"></ripa-statute-dialog-stub>
  <ripa-user-dialog-stub user="[object Object]" onclose="[Function]" onsave="[Function]" isrowkeydisabled="true" formtitle="Manage User"></ripa-user-dialog-stub>
  <ripa-snackbar-stub text="Stop was stored locally and will be submitted to the server once you are online and authenticated." timeout="6000" autoclose="true" onview="[Function]"></ripa-snackbar-stub>
  <ripa-snackbar-stub text="There was an error checking GPS location." timeout="6000" autoclose="true" onview="[Function]"></ripa-snackbar-stub>
  <ripa-snackbar-stub text="" timeout="6000" autoclose="true" onview="[Function]" multi-line=""></ripa-snackbar-stub>
  <ripa-snackbar-stub text="" timeout="6000" viewbuttonvisible="true" onview="[Function]" multi-line=""></ripa-snackbar-stub>
</div>
`;
