// Jest Snapshot v1, https://goo.gl/fbAQLP

exports[`Ripa Radio Group should match snapshot 1`] = `
<div class="ripa-radio-group">
  <div class="v-input theme--light v-input--selection-controls v-input--radio-group v-input--radio-group--column">
    <div class="v-input__control">
      <div class="v-input__slot" style="height: auto;">
        <div role="radiogroup" aria-labelledby="input-2" class="v-input--radio-group__input"></div>
      </div>
      <div class="v-messages theme--light">
        <transition-group-stub tag="div" name="message-transition" class="v-messages__wrapper"></transition-group-stub>
      </div>
    </div>
  </div>
  <!---->
</div>
`;
