// Jest Snapshot v1, https://goo.gl/fbAQLP

exports[`Ripa Select should match snapshot 1`] = `<v-select-stub errorcount="1" errormessages="" messages="" rules="" successmessages="" validateonblur="true" appendicon="$dropdown" backgroundcolor="" label="" loaderheight="2" clearicon="$clear" flat="true" type="text" valuecomparator="[Function]" nodatatext="$vuetify.noDataText" items="" itemcolor="primary" itemdisabled="disabled" itemtext="" itemvalue="" menuprops="[object Object]" clerable="" required=""></v-select-stub>`;
