// Jest Snapshot v1, https://goo.gl/fbAQLP

exports[`Ripa Checkbox should match snapshot 1`] = `
<v-checkbox-stub
  backgroundcolor=""
  errorcount="1"
  errormessages=""
  indeterminateicon="$checkboxIndeterminate"
  label="Item 1"
  messages=""
  officon="$checkboxOff"
  onicon="$checkboxOn"
  ripple="true"
  rules=""
  successmessages=""
  validateonblur="true"
  valuecomparator="[Function]"
/>
`;
