// Jest Snapshot v1, https://goo.gl/fbAQLP

exports[`Ripa Switch should match snapshot 1`] = `
<div class="ripa-switch" style="max-width: 300px;">
  <div class="v-input v-input--reverse v-input--expand v-input--hide-details theme--light v-input--selection-controls v-input--switch">
    <div class="v-input__control">
      <div class="v-input__slot">
        <div class="v-input--selection-controls__input"><input aria-checked="false" id="input-2" role="switch" type="checkbox" aria-disabled="false" value="">
          <div class="v-input--selection-controls__ripple"></div>
          <div class="v-input--switch__track theme--light"></div>
          <div class="v-input--switch__thumb theme--light">
            <transition-stub name="fab-transition" mode="out-in"></transition-stub>
          </div>
        </div><label for="input-2" class="v-label theme--light" style="left: 0px; position: relative;">
          no
        </label>
      </div>
    </div>
  </div>
</div>
`;
