// Jest Snapshot v1, https://goo.gl/fbAQLP

exports[`Ripa Confirm Dialog should match snapshot 1`] = `
<div class="v-dialog__container">
  <div role="dialog" aria-modal="true" class="v-dialog__content v-dialog__content--active" style="z-index: 202;">
    <transition-stub name="dialog-transition" appear="true">
      <div tabindex="0" class="v-dialog v-dialog--active v-dialog--persistent" style="transform-origin: center center; max-width: 350px;">
        <div class="v-card v-sheet theme--light">
          <div class="v-card__title">Title</div>
          <div class="spacer"></div>
          <div class="v-card__subtitle">Subtitle</div>
          <div class="v-card__actions tw-mb-4 tw-w-full">
            <div class="spacer"></div>
            <div class="tw-flex tw-justify-end tw-w-full"><button type="button" class="tw-mr-4 v-btn v-btn--is-elevated v-btn--has-bg theme--light v-size--default blue darken-1"><span class="v-btn__content">
          No
        </span></button> <button type="button" class="tw-w-24 v-btn v-btn--is-elevated v-btn--has-bg theme--light v-size--default blue darken-1"><span class="v-btn__content">
          Yes
        </span></button></div>
            <div class="spacer"></div>
          </div>
        </div>
      </div>
    </transition-stub>
  </div>
</div>
`;
