// Jest Snapshot v1, https://goo.gl/fbAQLP

exports[`Ripa Confirm Dialog should match snapshot 1`] = `
<v-dialog-stub
  closedelay="0"
  contentclass=""
  maxwidth="350px"
  opendelay="0"
  origin="center center"
  persistent="true"
  retainfocus="true"
  transition="dialog-transition"
  value="true"
  width="auto"
>
  <v-card-stub
    loaderheight="4"
    tag="div"
  >
    <v-card-title-stub>
      Title
    </v-card-title-stub>
     
    <v-spacer-stub />
     
    <v-card-subtitle-stub>
      Subtitle
    </v-card-subtitle-stub>
     
    <v-card-actions-stub
      class="tw-mb-4 tw-w-full"
    >
      <v-spacer-stub />
       
      <div
        class="tw-flex tw-justify-end tw-w-full"
      >
        <v-btn-stub
          activeclass=""
          class="tw-mr-4"
          color="blue darken-1"
          tag="button"
          type="button"
        >
          
          No
        
        </v-btn-stub>
         
        <v-btn-stub
          activeclass=""
          class="tw-w-24"
          color="blue darken-1"
          tag="button"
          type="button"
        >
          
          Yes
        
        </v-btn-stub>
      </div>
       
      <v-spacer-stub />
    </v-card-actions-stub>
  </v-card-stub>
</v-dialog-stub>
`;
