// Jest Snapshot v1, https://goo.gl/fbAQLP

exports[`Ripa Snackbar should match snapshot 1`] = `
<div class="v-snack v-snack--bottom v-snack--has-background">
  <transition-stub name="v-snack-transition">
    <div class="v-snack__wrapper v-sheet theme--dark" style="display: none;">
      <div role="status" aria-live="polite" class="v-snack__content">


      </div>
      <div class="v-snack__action ">
        <!----> <button type="button" class="v-btn v-btn--text theme--dark v-size--default blue--text v-snack__btn"><span class="v-btn__content">
      Close
    </span></button>
      </div>
    </div>
  </transition-stub>
</div>
`;
