// Jest Snapshot v1, https://goo.gl/fbAQLP

exports[`Ripa Switch should match snapshot 1`] = `
<div class="ripa-switch" style="max-width: 250px;">
  <v-switch-stub errorcount="1" errormessages="" messages="" rules="" successmessages="" validateonblur="true" backgroundcolor="" hidedetails="true" hint="" ripple="true" valuecomparator="[Function]" class="v-input--reverse v-input--expand"></v-switch-stub>
</div>
`;
