// Jest Snapshot v1, https://goo.gl/fbAQLP

exports[`Ripa Time Picker should match snapshot 1`] = `<v-text-field-stub errorcount="1" errormessages="" messages="" rules="" successmessages="" appendicon="mdi-clock-time-four-outline" backgroundcolor="" label="" loaderheight="2" clearicon="$clear" type="time" class="left-align"></v-text-field-stub>`;
