// Jest Snapshot v1, https://goo.gl/fbAQLP

exports[`Ripa Select should match snapshot 1`] = `
<v-select-stub
  appendicon="$dropdown"
  backgroundcolor=""
  clearicon="$clear"
  clerable=""
  errorcount="1"
  errormessages=""
  flat="true"
  itemcolor="primary"
  itemdisabled="disabled"
  items=""
  itemtext=""
  itemvalue=""
  label=""
  loaderheight="2"
  menuprops="[object Object]"
  messages=""
  nodatatext="$vuetify.noDataText"
  required=""
  rules=""
  successmessages=""
  type="text"
  validateonblur="true"
  valuecomparator="[Function]"
/>
`;
