// Jest Snapshot v1, https://goo.gl/fbAQLP

exports[`Ripa Select Tests should render correctly 1`] = `
<div
  class="v-input theme--light v-text-field v-text-field--solo-flat v-select"
>
  <div
    class="v-input__control"
  >
    <div
      aria-expanded="false"
      aria-haspopup="listbox"
      aria-owns="list-8"
      class="v-input__slot"
      role="button"
    >
      <div
        class="v-select__slot"
      >
        <div
          class="v-select__selections"
        >
          <input
            aria-readonly="false"
            autocomplete="off"
            clerable=""
            id="input-8"
            readonly="readonly"
            required="required"
            type="text"
          />
        </div>
        <div
          class="v-input__append-inner"
        >
          <div
            class="v-input__icon v-input__icon--append"
          >
            <i
              aria-hidden="true"
              class="v-icon notranslate mdi mdi-menu-down theme--light"
            />
          </div>
        </div>
        <input
          type="hidden"
          value="test,1"
        />
      </div>
      <div
        class="v-menu"
      >
        <!---->
      </div>
    </div>
    <div
      class="v-text-field__details"
    >
      <div
        class="v-messages theme--light"
      >
        <transition-group-stub
          class="v-messages__wrapper"
          name="message-transition"
          tag="div"
        />
      </div>
    </div>
  </div>
</div>
`;
