// Jest Snapshot v1, https://goo.gl/fbAQLP

exports[`Ripa Statue Dialog should match snapshot 1`] = `
<v-dialog-stub
  closedelay="0"
  contentclass=""
  maxwidth="650px"
  opendelay="0"
  origin="center center"
  retainfocus="true"
  transition="dialog-transition"
  width="auto"
>
  <v-card-stub
    loaderheight="4"
    tag="div"
  >
    <v-card-title-stub>
      <span>
        Statute 
      </span>
    </v-card-title-stub>
     
    <v-card-text-stub>
      <div
        class="ripa-statute"
      >
        <ripa-tree-stub
          treedata="[object Object]"
        />
      </div>
    </v-card-text-stub>
     
    <v-card-actions-stub>
      <v-spacer-stub />
       
      <v-btn-stub
        activeclass=""
        color="blue darken-1"
        tag="button"
        text="true"
        type="button"
      >
         Close 
      </v-btn-stub>
    </v-card-actions-stub>
  </v-card-stub>
</v-dialog-stub>
`;
