// Jest Snapshot v1, https://goo.gl/fbAQLP

exports[`Ripa Gender should match snapshot 1`] = `
<div class="ripa-gender tw-pb-4">
  <div class="ripa-form-header">
    <div class="row tw-ml-1 tw-mt-1"><span class="v-tooltip v-tooltip--top"><!----><i aria-hidden="true" aria-haspopup="true" aria-expanded="false" class="v-icon notranslate mdi mdi-alert theme--light error--text" style="font-size: 16px;"></i></span> <button type="button" class="v-icon notranslate icon v-icon--link mdi mdi-scale-balance theme--light primary--text" style="font-size: 16px;"></button>
      <div class="ripa-header"><span class="tw-text-base md:tw-text-lg tw-uppercase">Perceived Gender</span></div>
    </div>
  </div>
  <div class="container">
    <div class="row no-gutters">
      <div class="col-sm-12 col-12">
        <div class="ripa-radio-group">
          <div class="v-input theme--light v-input--selection-controls v-input--radio-group v-input--radio-group--column">
            <div class="v-input__control">
              <div class="v-input__slot" style="height: auto;">
                <div role="radiogroup" aria-labelledby="input-8" class="v-input--radio-group__input">
                  <div class="v-radio theme--light">
                    <div class="v-input--selection-controls__input"><i aria-hidden="true" class="v-icon notranslate mdi mdi-radiobox-blank theme--light"></i><input aria-checked="false" id="input-9" role="radio" type="radio" name="radio-8" value="1">
                      <div class="v-input--selection-controls__ripple"></div>
                    </div><label for="input-9" class="v-label theme--light" style="left: 0px; position: relative;">Male</label>
                  </div>
                  <div class="v-radio theme--light">
                    <div class="v-input--selection-controls__input"><i aria-hidden="true" class="v-icon notranslate mdi mdi-radiobox-blank theme--light"></i><input aria-checked="false" id="input-11" role="radio" type="radio" name="radio-8" value="2">
                      <div class="v-input--selection-controls__ripple"></div>
                    </div><label for="input-11" class="v-label theme--light" style="left: 0px; position: relative;">Female</label>
                  </div>
                  <div class="v-radio theme--light">
                    <div class="v-input--selection-controls__input"><i aria-hidden="true" class="v-icon notranslate mdi mdi-radiobox-blank theme--light"></i><input aria-checked="false" id="input-13" role="radio" type="radio" name="radio-8" value="3">
                      <div class="v-input--selection-controls__ripple"></div>
                    </div><label for="input-13" class="v-label theme--light" style="left: 0px; position: relative;">Transgender Male</label>
                  </div>
                  <div class="v-radio theme--light">
                    <div class="v-input--selection-controls__input"><i aria-hidden="true" class="v-icon notranslate mdi mdi-radiobox-blank theme--light"></i><input aria-checked="false" id="input-15" role="radio" type="radio" name="radio-8" value="4">
                      <div class="v-input--selection-controls__ripple"></div>
                    </div><label for="input-15" class="v-label theme--light" style="left: 0px; position: relative;">Transgender Female</label>
                  </div>
                </div>
              </div>
              <div class="v-messages theme--light">
                <transition-group-stub tag="div" name="message-transition" class="v-messages__wrapper"></transition-group-stub>
              </div>
            </div>
          </div>
          <!---->
        </div>
      </div>
      <div class="col-sm-12 col-12">
        <div class="ripa-switch" style="max-width: 300px;">
          <div class="v-input v-input--reverse v-input--expand theme--light v-input--selection-controls v-input--switch v-input--switch--inset">
            <div class="v-input__control">
              <div class="v-input__slot">
                <div class="v-input--selection-controls__input"><input aria-checked="false" id="input-20" role="switch" type="checkbox" aria-disabled="false" value="">
                  <div class="v-input--selection-controls__ripple"></div>
                  <div class="v-input--switch__track theme--light"></div>
                  <div class="v-input--switch__thumb theme--light">
                    <transition-stub name="fab-transition" mode="out-in"></transition-stub>
                  </div>
                </div><label for="input-20" class="v-label theme--light" style="left: 0px; position: relative;"><span class="main-label">
        Gender Nonconforming
      </span> <span class="switch-label" style="right: -45px;">
        No
      </span></label>
              </div>
              <div class="v-messages theme--light">
                <transition-group-stub tag="div" name="message-transition" class="v-messages__wrapper"></transition-group-stub>
              </div>
            </div>
          </div>
        </div>
        <!---->
      </div>
    </div>
  </div>
  <div class="ripa-form-header tw-mt-8">
    <div class="row tw-ml-1 tw-mt-1"><span class="v-tooltip v-tooltip--top"><!----><i aria-hidden="true" aria-haspopup="true" aria-expanded="false" class="v-icon notranslate mdi mdi-alert theme--light error--text" style="font-size: 16px;"></i></span> <button type="button" class="v-icon notranslate icon v-icon--link mdi mdi-scale-balance theme--light primary--text" style="font-size: 16px;"></button>
      <div class="ripa-header"><span class="tw-text-base md:tw-text-lg tw-uppercase">Perceived LGBT</span></div>
    </div>
  </div>
  <div class="container">
    <div class="row no-gutters">
      <div class="col-sm-12 col-12">
        <div class="ripa-switch" style="max-width: 300px;">
          <div class="v-input v-input--reverse v-input--expand v-input--hide-details theme--light v-input--selection-controls v-input--switch v-input--switch--inset">
            <div class="v-input__control">
              <div class="v-input__slot">
                <div class="v-input--selection-controls__input"><input aria-checked="false" id="input-30" role="switch" type="checkbox" aria-disabled="false" value="">
                  <div class="v-input--selection-controls__ripple"></div>
                  <div class="v-input--switch__track theme--light"></div>
                  <div class="v-input--switch__thumb theme--light">
                    <transition-stub name="fab-transition" mode="out-in"></transition-stub>
                  </div>
                </div><label for="input-30" class="v-label theme--light" style="left: 0px; position: relative;"><span class="main-label">
        Perceived as LGBT
      </span> <span class="switch-label" style="right: -45px;">
        No
      </span></label>
              </div>
            </div>
          </div>
        </div>
      </div>
    </div>
  </div>
</div>
`;
