// Jest Snapshot v1, https://goo.gl/fbAQLP

exports[`Ripa Form Summary should match snapshot 1`] = `
<div ondeleteperson="function () {
        return fn.apply(this, arguments);
      }" oncopyperson="function () {
        return fn.apply(this, arguments);
      }" oneditagencyquestions="function () {
        return fn.apply(this, arguments);
      }" oneditstop="function () {
        return fn.apply(this, arguments);
      }" oneditperson="function () {
        return fn.apply(this, arguments);
      }">
  <div>
    <div class="ripa-form-summary mx-auto v-card v-card--flat v-sheet theme--light">
      <div class="v-tabs theme--light">
        <div role="tablist" class="v-item-group theme--light v-slide-group v-tabs-bar v-tabs-bar--is-mobile v-tabs-bar--show-arrows primary--text">
          <div class="v-slide-group__prev v-slide-group__prev--disabled">
            <transition-stub name="fade-transition"><i aria-hidden="true" class="v-icon notranslate v-icon--disabled mdi mdi-chevron-left theme--light"></i></transition-stub>
          </div>
          <div class="v-slide-group__wrapper">
            <div class="v-slide-group__content v-tabs-bar__content">
              <div class="v-tabs-slider-wrapper" style="transition: none;">
                <div class="v-tabs-slider"></div>
              </div>
              <div tabindex="0" aria-selected="true" role="tab" class="v-tab v-tab--active">Current State</div>
            </div>
          </div>
          <div class="v-slide-group__next v-slide-group__next--disabled">
            <transition-stub name="fade-transition"><i aria-hidden="true" class="v-icon notranslate v-icon--disabled mdi mdi-chevron-right theme--light"></i></transition-stub>
          </div>
        </div>
        <div class="v-window v-item-group theme--light v-tabs-items">
          <div class="v-window__container">
            <transition-stub name="">
              <!---->
            </transition-stub>
          </div>
        </div>
      </div>
    </div>
  </div>
</div>
`;
