// Jest Snapshot v1, https://goo.gl/fbAQLP

exports[`Ripa Invalid User Dialog should match snapshot 1`] = `
<v-dialog-stub
  closedelay="0"
  contentclass=""
  maxwidth="400px"
  opendelay="0"
  origin="center center"
  persistent="true"
  retainfocus="true"
  transition="dialog-transition"
  width="auto"
>
  <v-card-stub
    loaderheight="4"
    tag="div"
  >
    <v-card-title-stub>
      <span>
        User Not Authorized
      </span>
    </v-card-title-stub>
     
    <v-card-text-stub>
      <p>
        You are not authorized to use this application.
      </p>
       
      <p>
        
        Please check with your administrator to ensure you have the correct
        permissions.
      
      </p>
    </v-card-text-stub>
  </v-card-stub>
</v-dialog-stub>
`;
