// Jest Snapshot v1, https://goo.gl/fbAQLP

exports[`Ripa Stop Reason should match snapshot 1`] = `
<div class="ripa-stop-reason tw-pb-4">
  <div class="ripa-form-header">
    <div class="row tw-ml-1 tw-mt-1"><span class="v-tooltip v-tooltip--top"><!----><i aria-hidden="true" aria-haspopup="true" aria-expanded="false" class="v-icon notranslate mdi mdi-alert theme--light error--text" style="font-size: 16px;"></i></span> <button type="button" class="v-icon notranslate icon v-icon--link mdi mdi-scale-balance theme--light primary--text" style="font-size: 16px;"></button>
      <div class="ripa-header"><span class="tw-text-base md:tw-text-lg tw-uppercase">Reason for Stop</span></div>
    </div>
  </div>
  <div class="container">
    <div class="row no-gutters">
      <div class="tw-pr-2 col-sm-6 col-md-6 col-12">
        <div class="tw-mr-2 tw-mt-4"><button type="button" class="tw-w-full v-btn v-btn--is-elevated v-btn--has-bg theme--light v-size--small primary"><span class="v-btn__content">
            Open Favorites
          </span></button></div>
      </div>
      <div class="col-sm-6 col-md-6 col-12">
        <!---->
      </div>
    </div>
    <div class="row no-gutters">
      <div class="tw-mb-4 col-sm-12 col-12"></div>
    </div>
    <div class="row no-gutters">
      <div class="col-sm-12 col-12">
        <div class="v-input theme--light v-text-field v-text-field--solo-flat v-select">
          <div class="v-input__control">
            <div role="button" aria-haspopup="listbox" aria-expanded="false" aria-owns="list-9" class="v-input__slot">
              <div class="v-select__slot"><label for="input-9" class="v-label theme--light" style="left: 0px; position: absolute;">Reason</label>
                <div class="v-select__selections"><input clerable="" required="required" id="input-9" readonly="readonly" type="text" aria-readonly="false" autocomplete="off"></div>
                <div class="v-input__append-inner">
                  <div class="v-input__icon v-input__icon--append"><i aria-hidden="true" class="v-icon notranslate mdi mdi-menu-down theme--light"></i></div>
                </div><input type="hidden">
              </div>
              <div class="v-menu">
                <!---->
              </div>
            </div>
            <div class="v-text-field__details">
              <div class="v-messages theme--light">
                <transition-group-stub tag="div" name="message-transition" class="v-messages__wrapper"></transition-group-stub>
              </div>
            </div>
          </div>
        </div>
        <!---->
        <!---->
        <!---->
        <!---->
        <!---->
        <div class="ripa-label tw-font-bold tw-my-4"><span>
    -- and --
  </span></div>
        <!---->
        <div class="ripa-text-input" persistent-hint="">
          <!---->
          <div class="v-input theme--light v-text-field">
            <div class="v-input__control">
              <div class="v-input__slot">
                <div class="v-text-field__slot"><label for="input-17" class="v-label theme--light" style="left: 0px; position: absolute;">Brief Explanation</label><input id="input-17" type="text"></div>
              </div>
              <div class="v-text-field__details">
                <div class="v-messages theme--light">
                  <transition-group-stub tag="div" name="message-transition" class="v-messages__wrapper"></transition-group-stub>
                </div>
              </div>
            </div>
          </div>
        </div>
      </div>
    </div>
  </div>
</div>
`;
