// Jest Snapshot v1, https://goo.gl/fbAQLP

exports[`Ripa Race should match snapshot 1`] = `
<div class="ripa-race tw-pb-4">
  <div class="ripa-form-header">
    <div class="row tw-ml-1 tw-mt-1"><span class="v-tooltip v-tooltip--top"><!----><i aria-hidden="true" aria-haspopup="true" aria-expanded="false" class="v-icon notranslate mdi mdi-alert theme--light error--text" style="font-size: 16px;"></i></span> <button type="button" class="v-icon notranslate icon v-icon--link mdi mdi-scale-balance theme--light primary--text" style="font-size: 16px;"></button>
      <div class="ripa-header"><span class="tw-text-base md:tw-text-lg tw-uppercase">Perceived Race or Ethnicity</span></div>
    </div>
  </div>
  <div class="container">
    <div class="row no-gutters">
      <div class="col-sm-12 col-12">
        <div class="ripa-check-group">
          <div class="v-input v-input--hide-details theme--light v-input--selection-controls v-input--checkbox">
            <div class="v-input__control">
              <div class="v-input__slot">
                <div class="v-input--selection-controls__input"><i aria-hidden="true" class="v-icon notranslate mdi mdi-checkbox-blank-outline theme--light"></i><input aria-checked="false" id="input-8" role="checkbox" type="checkbox" value="1">
                  <div class="v-input--selection-controls__ripple"></div>
                </div><label for="input-8" class="v-label theme--light" style="left: 0px; position: relative;">Asian</label>
              </div>
            </div>
          </div>
          <div class="v-input v-input--hide-details theme--light v-input--selection-controls v-input--checkbox">
            <div class="v-input__control">
              <div class="v-input__slot">
                <div class="v-input--selection-controls__input"><i aria-hidden="true" class="v-icon notranslate mdi mdi-checkbox-blank-outline theme--light"></i><input aria-checked="false" id="input-10" role="checkbox" type="checkbox" value="2">
                  <div class="v-input--selection-controls__ripple"></div>
                </div><label for="input-10" class="v-label theme--light" style="left: 0px; position: relative;">Black/African American</label>
              </div>
            </div>
          </div>
          <div class="v-input v-input--hide-details theme--light v-input--selection-controls v-input--checkbox">
            <div class="v-input__control">
              <div class="v-input__slot">
                <div class="v-input--selection-controls__input"><i aria-hidden="true" class="v-icon notranslate mdi mdi-checkbox-blank-outline theme--light"></i><input aria-checked="false" id="input-12" role="checkbox" type="checkbox" value="3">
                  <div class="v-input--selection-controls__ripple"></div>
                </div><label for="input-12" class="v-label theme--light" style="left: 0px; position: relative;">Hispanic/Latino(a)</label>
              </div>
            </div>
          </div>
          <div class="v-input v-input--hide-details theme--light v-input--selection-controls v-input--checkbox">
            <div class="v-input__control">
              <div class="v-input__slot">
                <div class="v-input--selection-controls__input"><i aria-hidden="true" class="v-icon notranslate mdi mdi-checkbox-blank-outline theme--light"></i><input aria-checked="false" id="input-14" role="checkbox" type="checkbox" value="4">
                  <div class="v-input--selection-controls__ripple"></div>
                </div><label for="input-14" class="v-label theme--light" style="left: 0px; position: relative;">Middle Eastern or South Asian</label>
              </div>
            </div>
          </div>
          <div class="v-input v-input--hide-details theme--light v-input--selection-controls v-input--checkbox">
            <div class="v-input__control">
              <div class="v-input__slot">
                <div class="v-input--selection-controls__input"><i aria-hidden="true" class="v-icon notranslate mdi mdi-checkbox-blank-outline theme--light"></i><input aria-checked="false" id="input-16" role="checkbox" type="checkbox" value="5">
                  <div class="v-input--selection-controls__ripple"></div>
                </div><label for="input-16" class="v-label theme--light" style="left: 0px; position: relative;">Native American</label>
              </div>
            </div>
          </div>
          <div class="v-input v-input--hide-details theme--light v-input--selection-controls v-input--checkbox">
            <div class="v-input__control">
              <div class="v-input__slot">
                <div class="v-input--selection-controls__input"><i aria-hidden="true" class="v-icon notranslate mdi mdi-checkbox-blank-outline theme--light"></i><input aria-checked="false" id="input-18" role="checkbox" type="checkbox" value="6">
                  <div class="v-input--selection-controls__ripple"></div>
                </div><label for="input-18" class="v-label theme--light" style="left: 0px; position: relative;">Pacific Islander</label>
              </div>
            </div>
          </div>
          <div class="v-input theme--light v-input--selection-controls v-input--checkbox">
            <div class="v-input__control">
              <div class="v-input__slot">
                <div class="v-input--selection-controls__input"><i aria-hidden="true" class="v-icon notranslate mdi mdi-checkbox-blank-outline theme--light"></i><input aria-checked="false" id="input-20" role="checkbox" type="checkbox" value="7">
                  <div class="v-input--selection-controls__ripple"></div>
                </div><label for="input-20" class="v-label theme--light" style="left: 0px; position: relative;">White</label>
              </div>
              <div class="v-messages theme--light">
                <transition-group-stub tag="div" name="message-transition" class="v-messages__wrapper"></transition-group-stub>
              </div>
            </div>
          </div>
        </div>
      </div>
    </div>
  </div>
</div>
`;
