// Jest Snapshot v1, https://goo.gl/fbAQLP

exports[`Ripa Stop Date should match snapshot 1`] = `
<div class="ripa-stop-date tw-pb-4">
  <div class="ripa-form-header">
    <div class="row tw-ml-1 tw-mt-1"><span class="v-tooltip v-tooltip--top"><!----><i aria-hidden="true" aria-haspopup="true" aria-expanded="false" class="v-icon notranslate mdi mdi-alert theme--light error--text" style="font-size: 16px;"></i></span> <button type="button" class="v-icon notranslate icon v-icon--link mdi mdi-scale-balance theme--light primary--text" style="font-size: 16px;"></button>
      <div class="ripa-header"><span class="tw-text-base md:tw-text-lg tw-uppercase">Date of Stop</span></div>
    </div>
  </div>
  <div class="container">
    <div class="row no-gutters">
      <div class="col-sm-12 col-md-4 col-12">
        <div class="md:tw-mr-4">
          <div class="v-input v-input--is-label-active v-input--is-dirty theme--light v-text-field" min="2019-01-01" max="2019-12-31">
            <div class="v-input__control">
              <div class="v-input__slot">
                <div class="v-text-field__slot"><label for="input-10" class="v-label v-label--active theme--light" style="left: 0px; position: absolute;">Date of Stop</label><input id="input-10" type="date"></div>
                <div class="v-input__append-inner">
                  <div class="v-input__icon v-input__icon--clear"><button type="button" aria-label="clear icon" tabindex="-1" class="v-icon notranslate v-icon--link mdi mdi-close theme--light"></button></div>
                </div>
                <div class="v-input__append-inner">
                  <div class="v-input__icon v-input__icon--append"><i aria-hidden="true" class="v-icon notranslate mdi mdi-calendar theme--light"></i></div>
                </div>
              </div>
              <div class="v-text-field__details">
                <div class="v-messages theme--light">
                  <transition-group-stub tag="div" name="message-transition" class="v-messages__wrapper"></transition-group-stub>
                </div>
              </div>
            </div>
          </div>
        </div>
      </div>
      <div class="col-sm-12 col-md-4 col-12">
        <div class="md:tw-mr-4">
          <div class="v-input v-input--is-label-active v-input--is-dirty theme--light v-text-field">
            <div class="v-input__control">
              <div class="v-input__slot">
                <div class="v-text-field__slot"><label for="input-16" class="v-label v-label--active theme--light" style="left: 0px; position: absolute;">Time of Stop</label><input id="input-16" type="time"></div>
                <div class="v-input__append-inner">
                  <div class="v-input__icon v-input__icon--append"><i aria-hidden="true" class="v-icon notranslate mdi mdi-clock-time-four-outline theme--light"></i></div>
                </div>
              </div>
              <div class="v-text-field__details">
                <div class="v-messages theme--light">
                  <transition-group-stub tag="div" name="message-transition" class="v-messages__wrapper"></transition-group-stub>
                </div>
              </div>
            </div>
          </div>
        </div>
      </div>
      <div class="col-sm-12 col-md-4 col-12">
        <div class="v-input theme--light v-text-field" min="1" max="1440">
          <div class="v-input__control">
            <div class="v-input__slot">
              <div class="v-text-field__slot"><label for="input-21" class="v-label theme--light" style="left: 0px; position: absolute;">Stop Duration</label><input inputmode="numeric" min="0" id="input-21" type="number"></div>
            </div>
            <div class="v-text-field__details">
              <div class="v-messages theme--light">
                <transition-group-stub tag="div" name="message-transition" class="v-messages__wrapper"></transition-group-stub>
              </div>
            </div>
          </div>
        </div>
      </div>
    </div>
    <div class="row"><button type="button" class="ml-3 mb-3 v-btn v-btn--is-elevated v-btn--has-bg theme--light v-size--small primary"><span class="v-btn__content">
        Convert to Version 1 Stop
      </span></button></div>
    <div class="row no-gutters">
      <div class="col-sm-12 col-12">
        <div class="ripa-switch" style="max-width: 300px;">
          <div class="v-input v-input--reverse v-input--expand v-input--hide-details theme--light v-input--selection-controls v-input--switch v-input--switch--inset">
            <div class="v-input__control">
              <div class="v-input__slot">
                <div class="v-input--selection-controls__input"><input aria-checked="false" id="input-26" role="switch" type="checkbox" aria-disabled="false" value="">
                  <div class="v-input--selection-controls__ripple"></div>
                  <div class="v-input--switch__track theme--light"></div>
                  <div class="v-input--switch__thumb theme--light">
                    <transition-stub name="fab-transition" mode="out-in"></transition-stub>
                  </div>
                </div><label for="input-26" class="v-label theme--light" style="left: 0px; position: relative;"><span class="main-label mr-3">
        Stop in response to Call for Service
      </span> <span class="switch-label" style="right: -45px;">
        No
      </span></label>
              </div>
            </div>
          </div>
        </div>
      </div>
    </div>
    <div class="row no-gutters">
      <div class="col-sm-12 col-12">
        <div class="ripa-switch" style="max-width: 300px;">
          <div class="v-input v-input--reverse v-input--expand v-input--hide-details theme--light v-input--selection-controls v-input--switch v-input--switch--inset">
            <div class="v-input__control">
              <div class="v-input__slot">
                <div class="v-input--selection-controls__input"><input aria-checked="false" id="input-29" role="switch" type="checkbox" aria-disabled="false" value="">
                  <div class="v-input--selection-controls__ripple"></div>
                  <div class="v-input--switch__track theme--light"></div>
                  <div class="v-input--switch__thumb theme--light">
                    <transition-stub name="fab-transition" mode="out-in"></transition-stub>
                  </div>
                </div><label for="input-29" class="v-label theme--light" style="left: 0px; position: relative;"><span class="main-label mr-3">
        Officer is secondary to a non-reporting agency
      </span> <span class="switch-label" style="right: -45px;">
        No
      </span></label>
              </div>
            </div>
          </div>
        </div>
      </div>
    </div>
    <!---->
    <!---->
  </div>
  <div class="ripa-form-header">
    <div class="row tw-ml-1 tw-mt-1"><span class="v-tooltip v-tooltip--top"><!----><i aria-hidden="true" aria-haspopup="true" aria-expanded="false" class="v-icon notranslate mdi mdi-alert theme--light error--text" style="font-size: 16px;"></i></span> <button type="button" class="v-icon notranslate icon v-icon--link mdi mdi-scale-balance theme--light primary--text" style="font-size: 16px;"></button>
      <div class="ripa-header"><span class="tw-text-base md:tw-text-lg tw-uppercase">Welfare or Wellness Check</span></div>
    </div>
  </div>
  <div class="container">
    <div class="row">
      <div class="col">
        <div class="ripa-switch" style="max-width: 300px;">
          <div class="v-input v-input--reverse v-input--expand v-input--hide-details theme--light v-input--selection-controls v-input--switch v-input--switch--inset">
            <div class="v-input__control">
              <div class="v-input__slot">
                <div class="v-input--selection-controls__input"><input aria-checked="false" id="input-37" role="switch" type="checkbox" aria-disabled="false" value="">
                  <div class="v-input--selection-controls__ripple"></div>
                  <div class="v-input--switch__track theme--light"></div>
                  <div class="v-input--switch__thumb theme--light">
                    <transition-stub name="fab-transition" mode="out-in"></transition-stub>
                  </div>
                </div><label for="input-37" class="v-label theme--light" style="left: 0px; position: relative;"><span class="main-label mr-3">
        Stop made during the course of performing a welfare or wellness check or an officer’s community caretaking function.
      </span> <span class="switch-label" style="right: -45px;">
        No
      </span></label>
              </div>
            </div>
          </div>
        </div>
      </div>
    </div>
  </div>
</div>
`;
