// Jest Snapshot v1, https://goo.gl/fbAQLP

exports[`Ripa Form Step 3 should match snapshot 1`] = `
<form novalidate="novalidate" class="v-form" onopenfavorites="function () {
        return fn.apply(this, arguments);
      }" onsavefavorite="function () {
        return fn.apply(this, arguments);
      }">
  <div class="ripa-stop-reason tw-pb-4">
    <div class="ripa-form-header">
      <div class="row tw-ml-1 tw-mt-1"><span class="v-tooltip v-tooltip--top"><!----><i aria-hidden="true" aria-haspopup="true" aria-expanded="false" class="v-icon notranslate mdi mdi-alert theme--light error--text" style="font-size: 16px;"></i></span> <button type="button" class="v-icon notranslate icon v-icon--link mdi mdi-scale-balance theme--light primary--text" style="font-size: 16px;"></button>
        <div class="ripa-header"><span class="tw-text-base md:tw-text-lg tw-uppercase">Reason for Stop</span></div>
      </div>
    </div>
    <div class="container">
      <div class="row no-gutters">
        <div class="tw-pr-2 col-sm-6 col-md-6 col-12">
          <div class="tw-mr-2 tw-mt-4"><button type="button" class="tw-w-full v-btn v-btn--is-elevated v-btn--has-bg theme--light v-size--small primary"><span class="v-btn__content">
            Open Favorites
          </span></button></div>
        </div>
        <div class="col-sm-6 col-md-6 col-12">
          <div class="tw-mr-2 tw-mt-4"><button type="button" class="tw-w-full v-btn v-btn--is-elevated v-btn--has-bg theme--light v-size--small primary"><span class="v-btn__content">
              Save Reason
            </span></button></div>
        </div>
      </div>
      <div class="row">
        <!---->
      </div>
      <div class="row">
        <div class="text-center col">
          <!---->
          <!---->
          <!---->
          <!---->
          <!---->
        </div>
      </div>
      <div class="row no-gutters">
        <div class="col-sm-12 col-12">
          <div class="v-input v-input--is-label-active v-input--is-dirty theme--light v-text-field v-text-field--solo-flat v-select">
            <div class="v-input__control">
              <div role="button" aria-haspopup="listbox" aria-expanded="false" aria-owns="list-12" class="v-input__slot">
                <div class="v-select__slot"><label for="input-12" class="v-label v-label--active theme--light" style="left: 0px; position: absolute;">Reason</label>
                  <div class="v-select__selections">
                    <div class="v-select__selection v-select__selection--comma">Traffic Violation</div><input required="required" id="input-12" readonly="readonly" type="text" aria-readonly="false" autocomplete="off">
                  </div>
                  <div class="v-input__append-inner">
                    <div class="v-input__icon v-input__icon--clear"><button type="button" aria-label="clear icon" tabindex="-1" class="v-icon notranslate v-icon--link mdi mdi-close theme--light"></button></div>
                  </div>
                  <div class="v-input__append-inner">
                    <div class="v-input__icon v-input__icon--append"><i aria-hidden="true" class="v-icon notranslate mdi mdi-menu-down theme--light"></i></div>
                  </div><input type="hidden" value="1">
                </div>
                <div class="v-menu">
                  <!---->
                </div>
              </div>
              <div class="v-text-field__details">
                <div class="v-messages theme--light">
                  <transition-group-stub tag="div" name="message-transition" class="v-messages__wrapper"></transition-group-stub>
                </div>
              </div>
            </div>
          </div>
          <!---->
          <div class="ripa-radio-group">
            <div class="v-input v-input--is-label-active v-input--is-dirty theme--light v-input--selection-controls v-input--radio-group v-input--radio-group--column">
              <div class="v-input__control">
                <div class="v-input__slot" style="height: auto;">
                  <div role="radiogroup" aria-labelledby="input-19" class="v-input--radio-group__input">
                    <div class="v-radio theme--light v-item--active">
                      <div class="v-input--selection-controls__input"><i aria-hidden="true" class="v-icon notranslate mdi mdi-radiobox-marked theme--light primary--text"></i><input aria-checked="true" id="input-20" role="radio" type="radio" name="radio-19" value="1">
                        <div class="v-input--selection-controls__ripple primary--text"></div>
                      </div><label for="input-20" class="v-label theme--light" style="left: 0px; position: relative;">Moving Violation</label>
                    </div>
                    <div class="v-radio theme--light">
                      <div class="v-input--selection-controls__input"><i aria-hidden="true" class="v-icon notranslate mdi mdi-radiobox-blank theme--light"></i><input aria-checked="false" id="input-22" role="radio" type="radio" name="radio-19" value="2">
                        <div class="v-input--selection-controls__ripple"></div>
                      </div><label for="input-22" class="v-label theme--light" style="left: 0px; position: relative;">Equipment Violation</label>
                    </div>
                    <div class="v-radio theme--light">
                      <div class="v-input--selection-controls__input"><i aria-hidden="true" class="v-icon notranslate mdi mdi-radiobox-blank theme--light"></i><input aria-checked="false" id="input-24" role="radio" type="radio" name="radio-19" value="3">
                        <div class="v-input--selection-controls__ripple"></div>
                      </div><label for="input-24" class="v-label theme--light" style="left: 0px; position: relative;">Non-moving Violation, including Registration Violation</label>
                    </div>
                  </div>
                </div>
                <div class="v-messages theme--light">
                  <transition-group-stub tag="div" name="message-transition" class="v-messages__wrapper"></transition-group-stub>
                </div>
              </div>
            </div>
            <!---->
          </div>
          <div class="tw-mt-2"></div>
          <div class="v-input tw-my-4 theme--light v-text-field v-text-field--solo-flat v-select v-autocomplete">
            <div class="v-input__control">
              <div role="combobox" aria-haspopup="listbox" aria-expanded="false" aria-owns="list-29" class="v-input__slot">
                <div class="v-select__slot"><label for="input-29" class="v-label theme--light" style="left: 0px; position: absolute;">Offense Code</label><input id="input-29" type="text" autocomplete="off">
                  <div class="v-input__append-inner">
                    <div></div>
                  </div>
                  <div class="v-input__append-inner">
                    <div class="v-input__icon v-input__icon--append"><i aria-hidden="true" class="v-icon notranslate mdi mdi-menu-down theme--light"></i></div>
                  </div><input type="hidden" value="1">
                </div>
                <div class="v-menu">
                  <!---->
                </div>
              </div>
              <div class="v-text-field__details">
                <div class="v-messages theme--light">
                  <transition-group-stub tag="div" name="message-transition" class="v-messages__wrapper">
                    <div class="v-messages__message">Select 1 Offense Code (required)</div>
                  </transition-group-stub>
                </div>
              </div>
            </div>
          </div>
          <!---->
          <!---->
          <!---->
          <div class="ripa-label tw-font-bold tw-my-4"><span>
    -- and --
  </span></div>
          <!---->
          <div class="ripa-text-input" persistent-hint="">
            <!---->
            <div class="v-input v-input--is-label-active v-input--is-dirty theme--light v-text-field">
              <div class="v-input__control">
                <div class="v-input__slot">
                  <div class="v-text-field__slot"><label for="input-37" class="v-label v-label--active theme--light" style="left: 0px; position: absolute;">Brief Explanation</label><input id="input-37" type="text"></div>
                </div>
                <div class="v-text-field__details">
                  <div class="v-messages theme--light">
                    <transition-group-stub tag="div" name="message-transition" class="v-messages__wrapper"></transition-group-stub>
                  </div>
                </div>
              </div>
            </div>
          </div>
        </div>
      </div>
    </div>
    <!---->
    <!---->
    <!---->
    <!---->
  </div>
  <div class="spacer"></div>
  <!---->
  <div class="tw-flex tw-mt-8 tw-justify-center"><button type="button" class="tw-mr-2 v-btn v-btn--outlined theme--light v-size--default primary--text"><span class="v-btn__content">
      Back
    </span></button> <button type="button" class="tw-mr-2 v-btn v-btn--outlined theme--light v-size--default error--text"><span class="v-btn__content">
      Cancel
    </span></button> <button type="button" class="v-btn v-btn--is-elevated v-btn--has-bg theme--light v-size--default primary"><span class="v-btn__content">
      Next
    </span></button></div>
  <div class="v-dialog__container">
    <!---->
  </div>
</form>
`;
