// Jest Snapshot v1, https://goo.gl/fbAQLP

exports[`Ripa Form Step 1 should match snapshot 1`] = `
<v-form-stub lazyvalidation="true">
  <ripa-officer-stub onopenstatute="[Function]" user="[object Object]" onupdateuser="[Function]"></ripa-officer-stub>
  <ripa-user-dialog-stub user="[object Object]" onclose="[Function]" onsave="[Function]" adminediting="true" isrowkeydisabled="true" formtitle="Manage User"></ripa-user-dialog-stub>
  <!---->
  <ripa-stop-date-stub onopenstatute="[Function]" value="[object Object]"></ripa-stop-date-stub>
  <ripa-location-stub onopenstatute="[Function]" value="[object Object]" schools="" onopenfavorites="[Function]" onopenlastlocation="[Function]" onsavefavorite="[Function]" ongpslocation="[Function]"></ripa-location-stub>
  <v-spacer-stub tag="div"></v-spacer-stub>
  <!---->
  <div class="tw-flex tw-mt-8 tw-justify-center">
    <v-btn-stub color="error" outlined="true" tag="button" activeclass="" type="button" class="tw-mr-2">
      Cancel
    </v-btn-stub>
    <v-btn-stub color="primary" tag="button" activeclass="" type="button">
      Next
    </v-btn-stub>
  </div>
  <ripa-confirm-dialog-stub title="Confirm Continue" subtitle="This page may contain personally identifying information. Are you sure you want to continue?" onclose="[Function]" onconfirm="[Function]"></ripa-confirm-dialog-stub>
</v-form-stub>
`;
