// Jest Snapshot v1, https://goo.gl/fbAQLP

exports[`Ripa Favorites Grid should match snapshot 1`] = `
<div class="ripa-favorites-grid">
  <!---->
  <div class="v-data-table v-data-table--has-top theme--light">
    <div role="dialog" class="v-dialog__container">
      <!---->
    </div>
    <div role="dialog" class="v-dialog__container">
      <!---->
    </div>
    <div class="v-data-table__wrapper">
      <table>
        <colgroup>
          <col class="">
          <col class="">
        </colgroup>
        <thead class="v-data-table-header">
          <tr>
            <th role="columnheader" scope="col" aria-label="Name: Not sorted. Activate to sort ascending." aria-sort="none" class="text-start sortable"><span>Name</span><i aria-hidden="true" class="v-icon notranslate v-data-table-header__icon mdi mdi-arrow-up theme--light" style="font-size: 18px;"></i></th>
            <th role="columnheader" scope="col" aria-label="Actions" class="text-center" style="width: 80px; min-width: 80px;"><span>Actions</span></th>
          </tr>
        </thead>
        <tbody>
          <tr class="v-data-table__empty-wrapper">
            <td colspan="2">
              <div>No Favorites Data</div>
            </td>
          </tr>
        </tbody>
      </table>
    </div>
  </div>
</div>
`;
