// Jest Snapshot v1, https://goo.gl/fbAQLP

exports[`Ripa Override PII should match snapshot 1`] = `
<div class="ripa-override-pii tw-pb-4">
  <div class="ripa-form-header">
    <div class="row tw-ml-1 tw-mt-1">
      <!---->
      <!---->
      <div class="ripa-header"><span class="tw-text-base md:tw-text-lg tw-uppercase">Override PII</span></div>
    </div>
  </div>
  <div class="container">
    <div class="row no-gutters">
      <div class="mb-2 col-sm-12 col-12">
        Is PII Found:
        false
        <!---->
      </div>
      <!---->
      <div class="col-sm-6 col-12">
        <div class="ripa-switch" style="max-width: 250px;">
          <div class="v-input v-input--reverse v-input--expand v-input--hide-details theme--light v-input--selection-controls v-input--switch v-input--switch--inset">
            <div class="v-input__control">
              <div class="v-input__slot">
                <div class="v-input--selection-controls__input"><input aria-checked="false" id="input-5" role="switch" type="checkbox" aria-disabled="false" value="">
                  <div class="v-input--selection-controls__ripple"></div>
                  <div class="v-input--switch__track theme--light"></div>
                  <div class="v-input--switch__thumb theme--light">
                    <transition-stub name="fab-transition" mode="out-in"></transition-stub>
                  </div>
                </div><label for="input-5" class="v-label theme--light" style="left: 0px; position: relative;"><span class="main-label mr-3">
        Override
      </span> <span class="switch-label" style="right: -45px;">
        No
      </span></label>
              </div>
            </div>
          </div>
        </div>
      </div>
    </div>
  </div>
</div>
`;
