// Jest Snapshot v1, https://goo.gl/fbAQLP

exports[`Ripa Submissions Grid should match snapshot 1`] = `
<div>
  <v-container-stub
    class="tw-mt-2"
    fluid="true"
    tag="div"
  >
    <v-layout-stub
      row=""
      tag="div"
      wrap=""
    >
      <v-flex-stub
        md2=""
        tag="div"
        xs12=""
      >
        <div
          class="tw-ml-2"
        >
          <ripa-date-picker-stub
            class="tw-ml-2"
            label="Submission From Date"
            rules=""
          />
        </div>
      </v-flex-stub>
       
      <v-flex-stub
        md2=""
        tag="div"
        xs12=""
      >
        <div
          class="tw-ml-2"
        >
          <ripa-date-picker-stub
            class="tw-ml-2"
            label="Submission To Date"
            rules=""
          />
        </div>
      </v-flex-stub>
       
      <v-flex-stub
        tag="div"
        xs12=""
      >
        <v-divider-stub />
      </v-flex-stub>
       
      <v-flex-stub
        tag="div"
        xs12=""
      >
        <v-data-table-stub
          customfilter="[Function]"
          customgroup="[Function]"
          customsort="[Function]"
          expanded=""
          expandicon="$expand"
          groupby=""
          groupdesc=""
          headers="[object Object],[object Object],[object Object],[object Object],[object Object],[object Object],[object Object]"
          hidedefaultfooter="true"
          itemclass=""
          itemkey="id"
          items=""
          itemsperpage="10"
          loaderheight="4"
          loadingtext="$vuetify.dataIterator.loadingText"
          locale="en-US"
          mobilebreakpoint="600"
          nodatatext="$vuetify.noDataText"
          noresultstext="$vuetify.dataIterator.noResultsText"
          options="[object Object]"
          page="1"
          search=""
          selectablekey="isSelectable"
          serveritemslength="0"
          sortby="dateSubmitted"
          sortdesc="true"
          value=""
        />
      </v-flex-stub>
       
      <v-flex-stub
        tag="div"
        xs12=""
      >
        <v-divider-stub />
      </v-flex-stub>
    </v-layout-stub>
  </v-container-stub>
   
  <!---->
</div>
`;
