// Jest Snapshot v1, https://goo.gl/fbAQLP

exports[`Ripa Form Subheader should match snapshot 1`] = `
<div
  class="ripa-form-header tw-my-4 tw-mb-7"
>
  <v-row-stub
    class="tw-ml-1 tw-mt-1"
    tag="div"
  >
    <!---->
     
    <!---->
     
    <ripa-subheader-stub
      nomargins="true"
      text=""
    />
  </v-row-stub>
</div>
`;
