// Jest Snapshot v1, https://goo.gl/fbAQLP

exports[`Ripa Location should match snapshot 1`] = `
<div class="ripa-location tw-pb-4" onopenfavorites="function () {
        return fn.apply(this, arguments);
      }" onopenlastlocation="function () {
        return fn.apply(this, arguments);
      }" onsavefavorite="function () {
        return fn.apply(this, arguments);
      }" ongpslocation="function () {
        return fn.apply(this, arguments);
      }">
  <div class="ripa-form-header">
    <div class="row tw-ml-1 tw-mt-1"><span class="v-tooltip v-tooltip--top"><!----><i aria-hidden="true" aria-haspopup="true" aria-expanded="false" class="v-icon notranslate mdi mdi-alert theme--light error--text" style="font-size: 16px;"></i></span> <button type="button" class="v-icon notranslate icon v-icon--link mdi mdi-scale-balance theme--light primary--text" style="font-size: 16px;"></button>
      <div class="ripa-header"><span class="tw-text-base md:tw-text-lg tw-uppercase">Location</span></div>
    </div>
  </div>
  <div class="container mt-5">
    <div class="row">
      <div class="col-sm-6 col-md-3 col-12"><button type="button" class="v-btn v-btn--block v-btn--is-elevated v-btn--has-bg theme--light v-size--small primary"><span class="v-btn__content">
          Current Location
        </span></button></div>
      <div class="col-sm-6 col-md-3 col-12"><button type="button" class="v-btn v-btn--block v-btn--is-elevated v-btn--has-bg theme--light v-size--small primary"><span class="v-btn__content">
          Last Location
        </span></button></div>
      <div class="col-sm-6 col-md-3 col-12"><button type="button" class="v-btn v-btn--block v-btn--is-elevated v-btn--has-bg theme--light v-size--small primary"><span class="v-btn__content">
          Open Favorites
        </span></button></div>
      <div class="col-sm-6 col-md-3 col-12"><button type="button" class="v-btn v-btn--block v-btn--is-elevated v-btn--has-bg theme--light v-size--small primary"><span class="v-btn__content">
            Save Location
          </span></button></div>
    </div>
    <div class="row">
      <!---->
    </div>
    <div class="row">
      <div class="text-center col"></div>
    </div>
    <div class="row">
      <div class="col-sm-12 col-12">
        <div class="ripa-switch" style="max-width: 200px;">
          <div class="v-input v-input--reverse v-input--expand v-input--hide-details theme--light v-input--selection-controls v-input--switch v-input--switch--inset">
            <div class="v-input__control">
              <div class="v-input__slot">
                <div class="v-input--selection-controls__input"><input aria-checked="false" id="input-12" role="switch" type="checkbox" aria-disabled="false" value="">
                  <div class="v-input--selection-controls__ripple"></div>
                  <div class="v-input--switch__track theme--light"></div>
                  <div class="v-input--switch__thumb theme--light">
                    <transition-stub name="fab-transition" mode="out-in"></transition-stub>
                  </div>
                </div><label for="input-12" class="v-label theme--light" style="left: 0px; position: relative;"><span class="main-label mr-3">
        K-12 Public School
      </span> <span class="switch-label" style="right: -45px;">
        No
      </span></label>
              </div>
            </div>
          </div>
        </div>
        <!---->
        <div role="alert" class="v-alert mt-4 v-sheet v-sheet--outlined theme--light v-alert--dense v-alert--outlined info--text">
          <div class="v-alert__wrapper"><i aria-hidden="true" class="v-icon notranslate v-alert__icon mdi mdi-information theme--light info--text"></i>
            <div class="v-alert__content">
              Note: Do not provide a street address if the location is a
              residence.
            </div>
          </div>
        </div>
        <!---->
        <!---->
      </div>
    </div>
    <div class="row">
      <div class="col-sm-12 col-md-6 col-12">
        <div class="ripa-text-input">
          <div class="v-input theme--light v-text-field">
            <div class="v-input__control">
              <div class="v-input__slot">
                <div class="v-text-field__slot"><label for="input-18" class="v-label theme--light" style="left: 0px; position: absolute;">Block Number</label><input id="input-18" type="text"></div>
              </div>
              <div class="v-text-field__details">
                <div class="v-messages theme--light">
                  <transition-group-stub tag="div" name="message-transition" class="v-messages__wrapper"></transition-group-stub>
                </div>
              </div>
            </div>
          </div>
          <!---->
        </div>
      </div>
      <div class="col-sm-12 col-md-6 col-12">
        <div class="ripa-text-input">
          <!---->
          <div class="v-input theme--light v-text-field">
            <div class="v-input__control">
              <div class="v-input__slot">
                <div class="v-text-field__slot"><label for="input-22" class="v-label theme--light" style="left: 0px; position: absolute;">Street Name</label><input id="input-22" type="text"></div>
              </div>
              <div class="v-text-field__details">
                <div class="v-messages theme--light">
                  <transition-group-stub tag="div" name="message-transition" class="v-messages__wrapper"></transition-group-stub>
                </div>
              </div>
            </div>
          </div>
        </div>
      </div>
    </div>
    <div class="row">
      <div class="col-sm-12 col-12">
        <div class="ripa-label tw-font-bold tw-my-4"><span>
    -- or --
  </span></div>
        <div class="row">
          <div class="col-sm-6 col-12">
            <div class="ripa-text-input">
              <!---->
              <div class="v-input theme--light v-text-field">
                <div class="v-input__control">
                  <div class="v-input__slot">
                    <div class="v-text-field__slot"><label for="input-28" class="v-label theme--light" style="left: 0px; position: absolute;">Cross Street 1</label><input id="input-28" type="text"></div>
                  </div>
                  <div class="v-text-field__details">
                    <div class="v-messages theme--light">
                      <transition-group-stub tag="div" name="message-transition" class="v-messages__wrapper"></transition-group-stub>
                    </div>
                  </div>
                </div>
              </div>
            </div>
          </div>
          <div class="col-sm-6 col-12">
            <div class="ripa-text-input">
              <!---->
              <div class="v-input theme--light v-text-field">
                <div class="v-input__control">
                  <div class="v-input__slot">
                    <div class="v-text-field__slot"><label for="input-32" class="v-label theme--light" style="left: 0px; position: absolute;">Cross Street 2</label><input id="input-32" type="text"></div>
                  </div>
                  <div class="v-text-field__details">
                    <div class="v-messages theme--light">
                      <transition-group-stub tag="div" name="message-transition" class="v-messages__wrapper"></transition-group-stub>
                    </div>
                  </div>
                </div>
              </div>
            </div>
          </div>
        </div>
        <div class="ripa-switch" style="max-width: 225px;">
          <div class="v-input v-input--reverse v-input--expand v-input--hide-details theme--light v-input--selection-controls v-input--switch v-input--switch--inset">
            <div class="v-input__control">
              <div class="v-input__slot">
                <div class="v-input--selection-controls__input"><input aria-checked="false" id="input-36" role="switch" type="checkbox" aria-disabled="false" value="">
                  <div class="v-input--selection-controls__ripple"></div>
                  <div class="v-input--switch__track theme--light"></div>
                  <div class="v-input--switch__thumb theme--light">
                    <transition-stub name="fab-transition" mode="out-in"></transition-stub>
                  </div>
                </div><label for="input-36" class="v-label theme--light" style="left: 0px; position: relative;"><span class="main-label mr-3">
        More Location Options
      </span> <span class="switch-label" style="right: -45px;">
        No
      </span></label>
              </div>
            </div>
          </div>
        </div>
        <!---->
        <div class="tw-mt-8">
          <div class="ripa-switch" style="max-width: 200px;">
            <div class="v-input v-input--reverse v-input--expand v-input--hide-details theme--light v-input--selection-controls v-input--switch v-input--switch--inset">
              <div class="v-input__control">
                <div class="v-input__slot">
                  <div class="v-input--selection-controls__input"><input aria-checked="false" id="input-39" role="switch" type="checkbox" aria-disabled="false" value="">
                    <div class="v-input--selection-controls__ripple"></div>
                    <div class="v-input--switch__track theme--light"></div>
                    <div class="v-input--switch__thumb theme--light">
                      <transition-stub name="fab-transition" mode="out-in"></transition-stub>
                    </div>
                  </div><label for="input-39" class="v-label theme--light" style="left: 0px; position: relative;"><span class="main-label mr-3">
        City Out of County?
      </span> <span class="switch-label" style="right: -45px;">
        No
      </span></label>
                </div>
              </div>
            </div>
          </div>
        </div>
      </div>
    </div>
    <div class="row">
      <div class="col-sm-12 col-md-6 col-12">
        <div class="v-input tw-my-4 theme--light v-text-field v-text-field--solo-flat v-select v-autocomplete">
          <div class="v-input__control">
            <div role="combobox" aria-haspopup="listbox" aria-expanded="false" aria-owns="list-42" class="v-input__slot">
              <div class="v-select__slot"><label for="input-42" class="v-label theme--light" style="left: 0px; position: absolute;">City or Unincorporated Area</label><input id="input-42" type="text" autocomplete="off">
                <div class="v-input__append-inner">
                  <div></div>
                </div>
                <div class="v-input__append-inner">
                  <div class="v-input__icon v-input__icon--append"><i aria-hidden="true" class="v-icon notranslate mdi mdi-menu-down theme--light"></i></div>
                </div><input type="hidden">
              </div>
              <div class="v-menu">
                <!---->
              </div>
            </div>
            <div class="v-text-field__details">
              <div class="v-messages theme--light">
                <transition-group-stub tag="div" name="message-transition" class="v-messages__wrapper">
                  <div class="v-messages__message">Select 1 City (required)</div>
                </transition-group-stub>
              </div>
            </div>
          </div>
        </div>
      </div>
      <div class="col-sm-12 col-md-6 col-12">
        <div class="v-input tw-my-4 theme--light v-text-field v-text-field--solo-flat v-select v-autocomplete">
          <div class="v-input__control">
            <div role="combobox" aria-haspopup="listbox" aria-expanded="false" aria-owns="list-48" class="v-input__slot">
              <div class="v-select__slot"><label for="input-48" class="v-label theme--light" style="left: 0px; position: absolute;">Beat</label><input id="input-48" type="text" autocomplete="off">
                <div class="v-input__append-inner">
                  <div></div>
                </div>
                <div class="v-input__append-inner">
                  <div class="v-input__icon v-input__icon--append"><i aria-hidden="true" class="v-icon notranslate mdi mdi-menu-down theme--light"></i></div>
                </div><input type="hidden">
              </div>
              <div class="v-menu">
                <!---->
              </div>
            </div>
            <div class="v-text-field__details">
              <div class="v-messages theme--light">
                <transition-group-stub tag="div" name="message-transition" class="v-messages__wrapper">
                  <div class="v-messages__message">Select 1 Beat (required)</div>
                </transition-group-stub>
              </div>
            </div>
          </div>
        </div>
      </div>
    </div>
  </div>
</div>
`;
