// Jest Snapshot v1, https://goo.gl/fbAQLP

exports[`Ripa Form Summary Detail should match snapshot 1`] = `
<div>
  <div class="v-card__title tw-uppercase">Review, Edit and Submit</div>
  <div class="v-card__text">
    <div class="tw-mb-3"><span class="tw-text-base tw-font-bold">111111111111</span>
      <!---->
    </div>
    <div>
      <div class="">
        Person Count
        <span class="tw-ml-2" style="color: rgb(33, 150, 243);">1</span>
        <!---->
        <!---->
      </div>
    </div>
    <div>
      <div class="tw-mt-4">
        Date
        <span class="tw-ml-2" style="color: rgb(33, 150, 243);">2022-01-01</span>
        <!---->
        <!---->
      </div>
    </div>
    <div>
      <div class="">
        Time
        <span class="tw-ml-2" style="color: rgb(33, 150, 243);">13:00</span>
        <!---->
        <!---->
      </div>
    </div>
    <div>
      <div class="">
        <!---->
        <!---->
        <div>
          Location
        </div>
        <div class="tw-ml-8">
          Block Number
          <span class="tw-ml-2" style="color: rgb(33, 150, 243);">
        100
      </span>
        </div>
        <div class="tw-ml-8">
          Street Name
          <span class="tw-ml-2" style="color: rgb(33, 150, 243);">
        Anystreet
      </span>
        </div>
        <div class="tw-ml-8">
          City
          <span class="tw-ml-2" style="color: rgb(33, 150, 243);">
        SAN DIEGO
      </span>
        </div>
        <div class="tw-ml-8">
          Beat
          <span class="tw-ml-2" style="color: rgb(33, 150, 243);">
        009 SAN DIEGO (NON-CONTRACT CITIES)
      </span>
        </div>
      </div>
    </div>
    <div>
      <div class="">
        <!---->
        <!---->
        <div>
          Officer
        </div>
        <div class="tw-ml-8">
          Agency
          <span class="tw-ml-2" style="color: rgb(33, 150, 243);">
        SDSD
      </span>
        </div>
        <div class="tw-ml-8">
          Officer ID
          <span class="tw-ml-2" style="color: rgb(33, 150, 243);">
        111111111
      </span>
        </div>
        <div class="tw-ml-8">
          Officer Name
          <span class="tw-ml-2" style="color: rgb(33, 150, 243);">
        Name
      </span>
        </div>
        <div class="tw-ml-8">
          Years Experience
          <span class="tw-ml-2" style="color: rgb(33, 150, 243);">
        1
      </span>
        </div>
        <div class="tw-ml-8">
          Assignment
          <span class="tw-ml-2" style="color: rgb(33, 150, 243);">
        Other
      </span>
        </div>
        <div class="tw-ml-8">
          Other Type
          <span class="tw-ml-2" style="color: rgb(33, 150, 243);">
        Data Services
      </span>
        </div>
      </div>
    </div>
    <div>
      <div class="">
        Duration (m)
        <span class="tw-ml-2" style="color: rgb(33, 150, 243);">1</span>
        <!---->
        <!---->
      </div>
    </div>
    <div>
      <div class="">
        Stop in Response to CFS
        <span class="tw-ml-2" style="color: rgb(33, 150, 243);">false</span>
        <!---->
        <!---->
      </div>
    </div>
    <div>
      <div class="tw-my-4 tw-text-base tw-font-bold">
        Person 1
        <!---->
      </div>
      <div>
        <div class="">
          Is Student
          <span class="tw-ml-2" style="color: rgb(33, 150, 243);">false</span>
          <!---->
          <!---->
        </div>
      </div>
      <div>
        <div class="">
          <!---->
          <div>
            Perceived Race
          </div>
          <div class="tw-ml-8">
            <div class=""><span style="color: rgb(33, 150, 243);">
          Asian
        </span></div>
          </div>
          <!---->
        </div>
      </div>
      <div>
        <div class="">
          Gender Noncomforning
          <span class="tw-ml-2" style="color: rgb(33, 150, 243);"></span>
          <!---->
          <!---->
        </div>
      </div>
      <div>
        <div class="">
          Perceived Gender
          <span class="tw-ml-2" style="color: rgb(33, 150, 243);">Cisgender Male</span>
          <!---->
          <!---->
        </div>
      </div>
      <div>
        <div class="">
          Perceived LGBT
          <span class="tw-ml-2" style="color: rgb(33, 150, 243);">false</span>
          <!---->
          <!---->
        </div>
      </div>
      <div>
        <div class="">
          Perceived Age
          <span class="tw-ml-2" style="color: rgb(33, 150, 243);">10</span>
          <!---->
          <!---->
        </div>
      </div>
      <div>
        <div class="">
          Limited English
          <span class="tw-ml-2" style="color: rgb(33, 150, 243);">false</span>
          <!---->
          <!---->
        </div>
      </div>
      <div>
        <div class="">
          <!---->
          <div>
            Perceived Disability
          </div>
          <div class="tw-ml-8">
            <div class=""><span style="color: rgb(33, 150, 243);">
          None
        </span></div>
          </div>
          <!---->
        </div>
      </div>
      <div>
        <div class="">
          <!---->
          <div>
            Reason for Stop
          </div>
          <div class="tw-ml-8">
            <div class=""><span style="color: rgb(33, 150, 243);">
          Investigation to determine whether the person was truant
        </span></div>
          </div>
          <!---->
        </div>
      </div>
      <div>
        <div class="">
          Reason for Stop Explanation
          <span class="tw-ml-2" style="color: rgb(33, 150, 243);">Explanation</span>
          <!---->
          <!---->
        </div>
      </div>
      <div>
        <div class="">
          <!---->
          <div>
            Actions Taken During Stop
          </div>
          <div class="tw-ml-8">
            <div class=""><span style="color: rgb(33, 150, 243);">
          None
        </span></div>
          </div>
          <!---->
        </div>
      </div>
      <div>
        <div class="tw-ml-4">
          <!---->
          <div>
            Basis for Search
          </div>
          <!---->
        </div>
      </div>
      <div>
        <div class="tw-ml-4">
          Basis for Search Explanation
          <span class="tw-ml-2" style="color: rgb(33, 150, 243);">None</span>
          <!---->
          <!---->
        </div>
      </div>
      <div>
        <div class="tw-ml-4">
          <!---->
          <div>
            Basis for Property Seizure
          </div>
          <!---->
        </div>
      </div>
      <div>
        <div class="tw-ml-4">
          <!---->
          <div>
            Type of Property Seized
          </div>
          <!---->
        </div>
      </div>
      <div>
        <div class="">
          <!---->
          <div>
            Contraband or Evidence Discovered
          </div>
          <div class="tw-ml-8">
            <div class=""><span style="color: rgb(33, 150, 243);">
          None
        </span></div>
          </div>
          <!---->
        </div>
      </div>
      <div>
        <div class="">
          <!---->
          <div>
            Result of Stop
          </div>
          <div class="tw-ml-8">
            <div class=""><span style="color: rgb(33, 150, 243);">
          None
        </span></div>
          </div>
          <!---->
        </div>
      </div>
    </div>
    <!---->
    <div class="tw-mt-4 tw-mb-2">
      <hr role="separator" aria-orientation="horizontal" class="v-divider theme--light">
    </div>
    <!---->
  </div>
</div>
`;
