// Jest Snapshot v1, https://goo.gl/fbAQLP

exports[`Ripa Race should match snapshot 1`] = `
<div
  class="ripa-race tw-pb-4"
>
  <ripa-form-header-stub
    onopenstatute="[Function]"
    required="true"
    subtitle="§999.226(a)(4)"
    title="Perceived Race or Ethnicity"
  />
   
  <v-container-stub
    tag="div"
  >
    <v-row-stub
      nogutters="true"
      tag="div"
    >
      <v-col-stub
        cols="12"
        sm="12"
        tag="div"
      >
        <ripa-check-group-stub
          items="[object Object],[object Object],[object Object],[object Object],[object Object],[object Object],[object Object]"
          rules="At least one race is required"
          value=""
        />
      </v-col-stub>
    </v-row-stub>
  </v-container-stub>
</div>
`;
