// Jest Snapshot v1, https://goo.gl/fbAQLP

exports[`Ripa Age should match snapshot 1`] = `
<div class="ripa-age tw-pb-4">
  <div class="ripa-form-header">
    <div class="row tw-ml-1 tw-mt-1"><span class="v-tooltip v-tooltip--top"><!----><i aria-hidden="true" aria-haspopup="true" aria-expanded="false" class="v-icon notranslate mdi mdi-alert theme--light error--text" style="font-size: 16px;"></i></span> <button type="button" class="v-icon notranslate icon v-icon--link mdi mdi-scale-balance theme--light primary--text" style="font-size: 16px;"></button>
      <div class="ripa-header"><span class="tw-text-base md:tw-text-lg tw-uppercase">Perceived Age</span></div>
    </div>
  </div>
  <div class="container">
    <div class="row no-gutters">
      <div class="col-sm-12 col-12">
        <div class="v-input theme--light v-text-field" min="1" max="1250">
          <div class="v-input__control">
            <div class="v-input__slot">
              <div class="v-text-field__slot"><label for="input-8" class="v-label theme--light" style="left: 0px; position: absolute;">Perceived Age</label><input inputmode="numeric" min="0" id="input-8" type="number"></div>
            </div>
            <div class="v-text-field__details">
              <div class="v-messages theme--light">
                <transition-group-stub tag="div" name="message-transition" class="v-messages__wrapper"></transition-group-stub>
              </div>
            </div>
          </div>
        </div>
      </div>
    </div>
  </div>
</div>
`;
