// Jest Snapshot v1, https://goo.gl/fbAQLP

exports[`Ripa Form Step 4 should match snapshot 1`] = `
<form novalidate="novalidate" class="v-form">
  <div class="ripa-action-taken tw-pb-4">
    <div class="ripa-form-header">
      <div class="row tw-ml-1 tw-mt-1"><span class="v-tooltip v-tooltip--top"><!----><i aria-hidden="true" aria-haspopup="true" aria-expanded="false" class="v-icon notranslate mdi mdi-alert theme--light error--text" style="font-size: 16px;"></i></span> <button type="button" class="v-icon notranslate icon v-icon--link mdi mdi-scale-balance theme--light primary--text" style="font-size: 16px;"></button>
        <div class="ripa-header"><span class="tw-text-base md:tw-text-lg tw-uppercase">Actions Taken During Stop</span></div>
      </div>
    </div>
    <div class="container">
      <div class="row no-gutters">
        <div class="col-sm-12 col-12">
          <div class="ripa-switch" style="max-width: 200px;">
            <div class="v-input v-input--reverse v-input--expand v-input--hide-details v-input--is-label-active v-input--is-dirty theme--light v-input--selection-controls v-input--switch primary--text">
              <div class="v-input__control">
                <div class="v-input__slot">
                  <div class="v-input--selection-controls__input"><input aria-checked="true" id="input-12" role="switch" type="checkbox" aria-disabled="false" value="">
                    <div class="v-input--selection-controls__ripple primary--text"></div>
                    <div class="v-input--switch__track theme--light primary--text"></div>
                    <div class="v-input--switch__thumb theme--light primary--text">
                      <transition-stub name="fab-transition" mode="out-in"></transition-stub>
                    </div>
                  </div><label for="input-12" class="v-label theme--light" style="left: 0px; position: relative;">
                    Any Actions Taken?
                  </label>
                </div>
              </div>
            </div>
          </div>
          <div class="ripa-check-group">
            <div class="v-input v-input--hide-details theme--light v-input--selection-controls v-input--checkbox">
              <div class="v-input__control">
                <div class="v-input__slot">
                  <div class="v-input--selection-controls__input"><i aria-hidden="true" class="v-icon notranslate mdi mdi-checkbox-blank-outline theme--light"></i><input aria-checked="false" id="input-15" role="checkbox" type="checkbox" value="1">
                    <div class="v-input--selection-controls__ripple"></div>
                  </div><label for="input-15" class="v-label theme--light" style="left: 0px; position: relative;">Person removed from vehicle by order</label>
                </div>
              </div>
            </div>
            <div class="v-input v-input--hide-details theme--light v-input--selection-controls v-input--checkbox">
              <div class="v-input__control">
                <div class="v-input__slot">
                  <div class="v-input--selection-controls__input"><i aria-hidden="true" class="v-icon notranslate mdi mdi-checkbox-blank-outline theme--light"></i><input aria-checked="false" id="input-17" role="checkbox" type="checkbox" value="2">
                    <div class="v-input--selection-controls__ripple"></div>
                  </div><label for="input-17" class="v-label theme--light" style="left: 0px; position: relative;">Person removed from vehicle by physical contact</label>
                </div>
              </div>
            </div>
            <div class="v-input v-input--hide-details theme--light v-input--selection-controls v-input--checkbox">
              <div class="v-input__control">
                <div class="v-input__slot">
                  <div class="v-input--selection-controls__input"><i aria-hidden="true" class="v-icon notranslate mdi mdi-checkbox-blank-outline theme--light"></i><input aria-checked="false" id="input-19" role="checkbox" type="checkbox" value="3">
                    <div class="v-input--selection-controls__ripple"></div>
                  </div><label for="input-19" class="v-label theme--light" style="left: 0px; position: relative;">Field sobriety test conducted</label>
                </div>
              </div>
            </div>
            <div class="v-input v-input--hide-details theme--light v-input--selection-controls v-input--checkbox">
              <div class="v-input__control">
                <div class="v-input__slot">
                  <div class="v-input--selection-controls__input"><i aria-hidden="true" class="v-icon notranslate mdi mdi-checkbox-blank-outline theme--light"></i><input aria-checked="false" id="input-21" role="checkbox" type="checkbox" value="4">
                    <div class="v-input--selection-controls__ripple"></div>
                  </div><label for="input-21" class="v-label theme--light" style="left: 0px; position: relative;">Curbside detention</label>
                </div>
              </div>
            </div>
            <div class="v-input v-input--hide-details theme--light v-input--selection-controls v-input--checkbox">
              <div class="v-input__control">
                <div class="v-input__slot">
                  <div class="v-input--selection-controls__input"><i aria-hidden="true" class="v-icon notranslate mdi mdi-checkbox-blank-outline theme--light"></i><input aria-checked="false" id="input-23" role="checkbox" type="checkbox" value="5">
                    <div class="v-input--selection-controls__ripple"></div>
                  </div><label for="input-23" class="v-label theme--light" style="left: 0px; position: relative;">Handcuffed or flex cuffed</label>
                </div>
              </div>
            </div>
            <div class="v-input v-input--hide-details theme--light v-input--selection-controls v-input--checkbox">
              <div class="v-input__control">
                <div class="v-input__slot">
                  <div class="v-input--selection-controls__input"><i aria-hidden="true" class="v-icon notranslate mdi mdi-checkbox-blank-outline theme--light"></i><input aria-checked="false" id="input-25" role="checkbox" type="checkbox" value="6">
                    <div class="v-input--selection-controls__ripple"></div>
                  </div><label for="input-25" class="v-label theme--light" style="left: 0px; position: relative;">Patrol car detention</label>
                </div>
              </div>
            </div>
            <div class="v-input v-input--hide-details theme--light v-input--selection-controls v-input--checkbox">
              <div class="v-input__control">
                <div class="v-input__slot">
                  <div class="v-input--selection-controls__input"><i aria-hidden="true" class="v-icon notranslate mdi mdi-checkbox-blank-outline theme--light"></i><input aria-checked="false" id="input-27" role="checkbox" type="checkbox" value="7">
                    <div class="v-input--selection-controls__ripple"></div>
                  </div><label for="input-27" class="v-label theme--light" style="left: 0px; position: relative;">Canine removed from vehicle or used to search</label>
                </div>
              </div>
            </div>
            <div class="v-input v-input--hide-details theme--light v-input--selection-controls v-input--checkbox">
              <div class="v-input__control">
                <div class="v-input__slot">
                  <div class="v-input--selection-controls__input"><i aria-hidden="true" class="v-icon notranslate mdi mdi-checkbox-blank-outline theme--light"></i><input aria-checked="false" id="input-29" role="checkbox" type="checkbox" value="8">
                    <div class="v-input--selection-controls__ripple"></div>
                  </div><label for="input-29" class="v-label theme--light" style="left: 0px; position: relative;">Firearm pointed at person</label>
                </div>
              </div>
            </div>
            <div class="v-input v-input--hide-details theme--light v-input--selection-controls v-input--checkbox">
              <div class="v-input__control">
                <div class="v-input__slot">
                  <div class="v-input--selection-controls__input"><i aria-hidden="true" class="v-icon notranslate mdi mdi-checkbox-blank-outline theme--light"></i><input aria-checked="false" id="input-31" role="checkbox" type="checkbox" value="9">
                    <div class="v-input--selection-controls__ripple"></div>
                  </div><label for="input-31" class="v-label theme--light" style="left: 0px; position: relative;">Firearm discharged or used</label>
                </div>
              </div>
            </div>
            <div class="v-input v-input--hide-details theme--light v-input--selection-controls v-input--checkbox">
              <div class="v-input__control">
                <div class="v-input__slot">
                  <div class="v-input--selection-controls__input"><i aria-hidden="true" class="v-icon notranslate mdi mdi-checkbox-blank-outline theme--light"></i><input aria-checked="false" id="input-33" role="checkbox" type="checkbox" value="10">
                    <div class="v-input--selection-controls__ripple"></div>
                  </div><label for="input-33" class="v-label theme--light" style="left: 0px; position: relative;">Electronic control device used</label>
                </div>
              </div>
            </div>
            <div class="v-input v-input--hide-details theme--light v-input--selection-controls v-input--checkbox">
              <div class="v-input__control">
                <div class="v-input__slot">
                  <div class="v-input--selection-controls__input"><i aria-hidden="true" class="v-icon notranslate mdi mdi-checkbox-blank-outline theme--light"></i><input aria-checked="false" id="input-35" role="checkbox" type="checkbox" value="11">
                    <div class="v-input--selection-controls__ripple"></div>
                  </div><label for="input-35" class="v-label theme--light" style="left: 0px; position: relative;">Impact projectile discharged or used</label>
                </div>
              </div>
            </div>
            <div class="v-input v-input--hide-details theme--light v-input--selection-controls v-input--checkbox">
              <div class="v-input__control">
                <div class="v-input__slot">
                  <div class="v-input--selection-controls__input"><i aria-hidden="true" class="v-icon notranslate mdi mdi-checkbox-blank-outline theme--light"></i><input aria-checked="false" id="input-37" role="checkbox" type="checkbox" value="12">
                    <div class="v-input--selection-controls__ripple"></div>
                  </div><label for="input-37" class="v-label theme--light" style="left: 0px; position: relative;">Canine bit or held person</label>
                </div>
              </div>
            </div>
            <div class="v-input v-input--hide-details theme--light v-input--selection-controls v-input--checkbox">
              <div class="v-input__control">
                <div class="v-input__slot">
                  <div class="v-input--selection-controls__input"><i aria-hidden="true" class="v-icon notranslate mdi mdi-checkbox-blank-outline theme--light"></i><input aria-checked="false" id="input-39" role="checkbox" type="checkbox" value="13">
                    <div class="v-input--selection-controls__ripple"></div>
                  </div><label for="input-39" class="v-label theme--light" style="left: 0px; position: relative;">Baton or other impact weapon used</label>
                </div>
              </div>
            </div>
            <div class="v-input v-input--hide-details theme--light v-input--selection-controls v-input--checkbox">
              <div class="v-input__control">
                <div class="v-input__slot">
                  <div class="v-input--selection-controls__input"><i aria-hidden="true" class="v-icon notranslate mdi mdi-checkbox-blank-outline theme--light"></i><input aria-checked="false" id="input-41" role="checkbox" type="checkbox" value="14">
                    <div class="v-input--selection-controls__ripple"></div>
                  </div><label for="input-41" class="v-label theme--light" style="left: 0px; position: relative;">Chemical spray used</label>
                </div>
              </div>
            </div>
            <div class="v-input v-input--hide-details theme--light v-input--selection-controls v-input--checkbox">
              <div class="v-input__control">
                <div class="v-input__slot">
                  <div class="v-input--selection-controls__input"><i aria-hidden="true" class="v-icon notranslate mdi mdi-checkbox-blank-outline theme--light"></i><input aria-checked="false" id="input-43" role="checkbox" type="checkbox" value="15">
                    <div class="v-input--selection-controls__ripple"></div>
                  </div><label for="input-43" class="v-label theme--light" style="left: 0px; position: relative;">Physical or vehicle contact</label>
                </div>
              </div>
            </div>
            <div class="v-input v-input--hide-details theme--light v-input--selection-controls v-input--checkbox">
              <div class="v-input__control">
                <div class="v-input__slot">
                  <div class="v-input--selection-controls__input"><i aria-hidden="true" class="v-icon notranslate mdi mdi-checkbox-blank-outline theme--light"></i><input aria-checked="false" id="input-45" role="checkbox" type="checkbox" value="16">
                    <div class="v-input--selection-controls__ripple"></div>
                  </div><label for="input-45" class="v-label theme--light" style="left: 0px; position: relative;">Person photographed</label>
                </div>
              </div>
            </div>
            <div class="v-input theme--light v-input--selection-controls v-input--checkbox">
              <div class="v-input__control">
                <div class="v-input__slot">
                  <div class="v-input--selection-controls__input"><i aria-hidden="true" class="v-icon notranslate mdi mdi-checkbox-blank-outline theme--light"></i><input aria-checked="false" id="input-47" role="checkbox" type="checkbox" value="22">
                    <div class="v-input--selection-controls__ripple"></div>
                  </div><label for="input-47" class="v-label theme--light" style="left: 0px; position: relative;">Vehicle impounded</label>
                </div>
                <div class="v-messages theme--light">
                  <transition-group-stub tag="div" name="message-transition" class="v-messages__wrapper"></transition-group-stub>
                </div>
              </div>
            </div>
          </div>
          <div class="ripa-label tw-font-bold tw-my-4"><span>
    Search
  </span></div>
          <div class="ripa-check-group">
            <div class="v-input v-input--hide-details theme--light v-input--selection-controls v-input--checkbox">
              <div class="v-input__control">
                <div class="v-input__slot">
                  <div class="v-input--selection-controls__input"><i aria-hidden="true" class="v-icon notranslate mdi mdi-checkbox-blank-outline theme--light"></i><input aria-checked="false" id="input-54" role="checkbox" type="checkbox" value="17">
                    <div class="v-input--selection-controls__ripple"></div>
                  </div><label for="input-54" class="v-label theme--light" style="left: 0px; position: relative;">Asked for consent to search person</label>
                </div>
              </div>
            </div>
            <div class="v-input v-input--hide-details theme--light v-input--selection-controls v-input--checkbox">
              <div class="v-input__control">
                <div class="v-input__slot">
                  <div class="v-input--selection-controls__input"><i aria-hidden="true" class="v-icon notranslate mdi mdi-checkbox-blank-outline theme--light"></i><input aria-checked="false" id="input-56" role="checkbox" type="checkbox" value="18">
                    <div class="v-input--selection-controls__ripple"></div>
                  </div><label for="input-56" class="v-label theme--light" style="left: 0px; position: relative;">Search of person was conducted</label>
                </div>
              </div>
            </div>
            <div class="v-input v-input--hide-details theme--light v-input--selection-controls v-input--checkbox">
              <div class="v-input__control">
                <div class="v-input__slot">
                  <div class="v-input--selection-controls__input"><i aria-hidden="true" class="v-icon notranslate mdi mdi-checkbox-blank-outline theme--light"></i><input aria-checked="false" id="input-58" role="checkbox" type="checkbox" value="19">
                    <div class="v-input--selection-controls__ripple"></div>
                  </div><label for="input-58" class="v-label theme--light" style="left: 0px; position: relative;">Asked for consent to search property</label>
                </div>
              </div>
            </div>
            <div class="v-input theme--light v-input--selection-controls v-input--checkbox">
              <div class="v-input__control">
                <div class="v-input__slot">
                  <div class="v-input--selection-controls__input"><i aria-hidden="true" class="v-icon notranslate mdi mdi-checkbox-blank-outline theme--light"></i><input aria-checked="false" id="input-60" role="checkbox" type="checkbox" value="20">
                    <div class="v-input--selection-controls__ripple"></div>
                  </div><label for="input-60" class="v-label theme--light" style="left: 0px; position: relative;">Search of property was conducted</label>
                </div>
                <div class="v-messages theme--light">
                  <transition-group-stub tag="div" name="message-transition" class="v-messages__wrapper"></transition-group-stub>
                </div>
              </div>
            </div>
          </div>
          <!---->
          <!---->
          <!---->
          <div class="ripa-label tw-font-bold tw-my-4"><span>
    Seizure
  </span></div>
          <div class="ripa-switch" style="max-width: 200px;">
            <div class="v-input v-input--reverse v-input--expand v-input--hide-details theme--light v-input--selection-controls v-input--switch">
              <div class="v-input__control">
                <div class="v-input__slot">
                  <div class="v-input--selection-controls__input"><input aria-checked="false" id="input-67" role="switch" type="checkbox" aria-disabled="false" value="">
                    <div class="v-input--selection-controls__ripple"></div>
                    <div class="v-input--switch__track theme--light"></div>
                    <div class="v-input--switch__thumb theme--light">
                      <transition-stub name="fab-transition" mode="out-in"></transition-stub>
                    </div>
                  </div><label for="input-67" class="v-label theme--light" style="left: 0px; position: relative;">
                    Property was Seized
                  </label>
                </div>
              </div>
            </div>
          </div>
          <!---->
        </div>
      </div>
    </div>
  </div>
  <div class="ripa-action-taken tw-pb-4">
    <div class="ripa-form-header">
      <div class="row tw-ml-1 tw-mt-1"><span class="v-tooltip v-tooltip--top"><!----><i aria-hidden="true" aria-haspopup="true" aria-expanded="false" class="v-icon notranslate mdi mdi-alert theme--light error--text" style="font-size: 16px;"></i></span> <button type="button" class="v-icon notranslate icon v-icon--link mdi mdi-scale-balance theme--light primary--text" style="font-size: 16px;"></button>
        <div class="ripa-header"><span class="tw-text-base md:tw-text-lg tw-uppercase">Contraband or Evidence Discovered</span></div>
      </div>
    </div>
    <div class="container">
      <div class="row no-gutters">
        <div class="col-sm-12 col-12">
          <div class="ripa-switch" style="max-width: 350px;">
            <div class="v-input v-input--reverse v-input--expand v-input--hide-details theme--light v-input--selection-controls v-input--switch">
              <div class="v-input__control">
                <div class="v-input__slot">
                  <div class="v-input--selection-controls__input"><input aria-checked="false" id="input-76" role="switch" type="checkbox" aria-disabled="false" value="">
                    <div class="v-input--selection-controls__ripple"></div>
                    <div class="v-input--switch__track theme--light"></div>
                    <div class="v-input--switch__thumb theme--light">
                      <transition-stub name="fab-transition" mode="out-in"></transition-stub>
                    </div>
                  </div><label for="input-76" class="v-label theme--light" style="left: 0px; position: relative;">
                    Any Contraband or Evidence Discovered?
                  </label>
                </div>
              </div>
            </div>
          </div>
          <!---->
        </div>
      </div>
    </div>
  </div>
  <div class="spacer"></div>
  <!---->
  <div class="tw-flex tw-mt-8 tw-justify-center"><button type="button" class="tw-mr-2 v-btn v-btn--outlined theme--light v-size--default primary--text"><span class="v-btn__content">
      Back
    </span></button> <button type="button" class="tw-mr-2 v-btn v-btn--outlined theme--light v-size--default error--text"><span class="v-btn__content">
      Cancel
    </span></button> <button type="button" class="v-btn v-btn--is-elevated v-btn--has-bg theme--light v-size--default primary"><span class="v-btn__content">
      Next
    </span></button></div>
  <div class="v-dialog__container">
    <!---->
  </div>
</form>
`;
